                                      1 ;--------------------------------------------------------
                                      2 ; File Created by SDCC : free open source ISO C Compiler
                                      3 ; Version 4.5.0 #15242 (Linux)
                                      4 ;--------------------------------------------------------
                                      5 	.module main
                                      6 	
                                      7 	.optsdcc -mmcs51 --model-small
                                      8 ;--------------------------------------------------------
                                      9 ; Public variables in this module
                                     10 ;--------------------------------------------------------
                                     11 	.globl _main
                                     12 	.globl _Update_Snake
                                     13 	.globl _Centronics_SendByte
                                     14 	.globl _Init_Peripherals
                                     15 	.globl _delay_ms
                                     16 	.globl _delay_us
                                     17 	.globl _EIPX6
                                     18 	.globl _EIPX5
                                     19 	.globl _EIPX4
                                     20 	.globl _PI2C
                                     21 	.globl _PUSB
                                     22 	.globl _EIEX6
                                     23 	.globl _EIEX5
                                     24 	.globl _EIEX4
                                     25 	.globl _EI2C
                                     26 	.globl _EUSB
                                     27 	.globl _SMOD1
                                     28 	.globl _ERESI
                                     29 	.globl _RESI
                                     30 	.globl _INT6
                                     31 	.globl _CY
                                     32 	.globl _AC
                                     33 	.globl _F0
                                     34 	.globl _RS1
                                     35 	.globl _RS0
                                     36 	.globl _OV
                                     37 	.globl _FL
                                     38 	.globl _P
                                     39 	.globl _TF2
                                     40 	.globl _EXF2
                                     41 	.globl _RCLK
                                     42 	.globl _TCLK
                                     43 	.globl _EXEN2
                                     44 	.globl _TR2
                                     45 	.globl _C_T2
                                     46 	.globl _CP_RL2
                                     47 	.globl _SM01
                                     48 	.globl _SM11
                                     49 	.globl _SM21
                                     50 	.globl _REN1
                                     51 	.globl _TB81
                                     52 	.globl _RB81
                                     53 	.globl _TI1
                                     54 	.globl _RI1
                                     55 	.globl _PS1
                                     56 	.globl _PT2
                                     57 	.globl _PS0
                                     58 	.globl _PT1
                                     59 	.globl _PX1
                                     60 	.globl _PT0
                                     61 	.globl _PX0
                                     62 	.globl _PD7
                                     63 	.globl _PD6
                                     64 	.globl _PD5
                                     65 	.globl _PD4
                                     66 	.globl _PD3
                                     67 	.globl _PD2
                                     68 	.globl _PD1
                                     69 	.globl _PD0
                                     70 	.globl _EA
                                     71 	.globl _ES1
                                     72 	.globl _ET2
                                     73 	.globl _ES0
                                     74 	.globl _ET1
                                     75 	.globl _EX1
                                     76 	.globl _ET0
                                     77 	.globl _EX0
                                     78 	.globl _PC7
                                     79 	.globl _PC6
                                     80 	.globl _PC5
                                     81 	.globl _PC4
                                     82 	.globl _PC3
                                     83 	.globl _PC2
                                     84 	.globl _PC1
                                     85 	.globl _PC0
                                     86 	.globl _SM0
                                     87 	.globl _SM1
                                     88 	.globl _SM2
                                     89 	.globl _REN
                                     90 	.globl _TB8
                                     91 	.globl _RB8
                                     92 	.globl _TI
                                     93 	.globl _RI
                                     94 	.globl _PB7
                                     95 	.globl _PB6
                                     96 	.globl _PB5
                                     97 	.globl _PB4
                                     98 	.globl _PB3
                                     99 	.globl _PB2
                                    100 	.globl _PB1
                                    101 	.globl _PB0
                                    102 	.globl _TF1
                                    103 	.globl _TR1
                                    104 	.globl _TF0
                                    105 	.globl _TR0
                                    106 	.globl _IE1
                                    107 	.globl _IT1
                                    108 	.globl _IE0
                                    109 	.globl _IT0
                                    110 	.globl _PA7
                                    111 	.globl _PA6
                                    112 	.globl _PA5
                                    113 	.globl _PA4
                                    114 	.globl _PA3
                                    115 	.globl _PA2
                                    116 	.globl _PA1
                                    117 	.globl _PA0
                                    118 	.globl _EIP
                                    119 	.globl _B
                                    120 	.globl _EIE
                                    121 	.globl _ACC
                                    122 	.globl _EICON
                                    123 	.globl _PSW
                                    124 	.globl _TH2
                                    125 	.globl _TL2
                                    126 	.globl _RCAP2H
                                    127 	.globl _RCAP2L
                                    128 	.globl _T2CON
                                    129 	.globl _SBUF1
                                    130 	.globl _SCON1
                                    131 	.globl _GPIFSGLDATLNOX
                                    132 	.globl _GPIFSGLDATLX
                                    133 	.globl _GPIFSGLDATH
                                    134 	.globl _GPIFTRIG
                                    135 	.globl _EP01STAT
                                    136 	.globl _IP
                                    137 	.globl _OEE
                                    138 	.globl _OED
                                    139 	.globl _OEC
                                    140 	.globl _OEB
                                    141 	.globl _OEA
                                    142 	.globl _IOE
                                    143 	.globl _IOD
                                    144 	.globl _AUTOPTRSETUP
                                    145 	.globl _EP68FIFOFLGS
                                    146 	.globl _EP24FIFOFLGS
                                    147 	.globl _EP2468STAT
                                    148 	.globl _IE
                                    149 	.globl _INT4CLR
                                    150 	.globl _INT2CLR
                                    151 	.globl _IOC
                                    152 	.globl _AUTOPTRL2
                                    153 	.globl _AUTOPTRH2
                                    154 	.globl _AUTOPTRL1
                                    155 	.globl _AUTOPTRH1
                                    156 	.globl _SBUF0
                                    157 	.globl _SCON0
                                    158 	.globl __XPAGE
                                    159 	.globl _EXIF
                                    160 	.globl _IOB
                                    161 	.globl _CKCON
                                    162 	.globl _TH1
                                    163 	.globl _TH0
                                    164 	.globl _TL1
                                    165 	.globl _TL0
                                    166 	.globl _TMOD
                                    167 	.globl _TCON
                                    168 	.globl _PCON
                                    169 	.globl _DPS
                                    170 	.globl _DPH1
                                    171 	.globl _DPL1
                                    172 	.globl _DPH
                                    173 	.globl _DPL
                                    174 	.globl _SP
                                    175 	.globl _IOA
                                    176 	.globl _GPCR2
                                    177 	.globl _ECC2B2
                                    178 	.globl _ECC2B1
                                    179 	.globl _ECC2B0
                                    180 	.globl _ECC1B2
                                    181 	.globl _ECC1B1
                                    182 	.globl _ECC1B0
                                    183 	.globl _ECCRESET
                                    184 	.globl _ECCCFG
                                    185 	.globl _EP8FIFOBUF
                                    186 	.globl _EP6FIFOBUF
                                    187 	.globl _EP4FIFOBUF
                                    188 	.globl _EP2FIFOBUF
                                    189 	.globl _EP1INBUF
                                    190 	.globl _EP1OUTBUF
                                    191 	.globl _EP0BUF
                                    192 	.globl _UDMACRCQUAL
                                    193 	.globl _UDMACRCL
                                    194 	.globl _UDMACRCH
                                    195 	.globl _GPIFHOLDAMOUNT
                                    196 	.globl _FLOWSTBHPERIOD
                                    197 	.globl _FLOWSTBEDGE
                                    198 	.globl _FLOWSTB
                                    199 	.globl _FLOWHOLDOFF
                                    200 	.globl _FLOWEQ1CTL
                                    201 	.globl _FLOWEQ0CTL
                                    202 	.globl _FLOWLOGIC
                                    203 	.globl _FLOWSTATE
                                    204 	.globl _GPIFABORT
                                    205 	.globl _GPIFREADYSTAT
                                    206 	.globl _GPIFREADYCFG
                                    207 	.globl _XGPIFSGLDATLNOX
                                    208 	.globl _XGPIFSGLDATLX
                                    209 	.globl _XGPIFSGLDATH
                                    210 	.globl _EP8GPIFTRIG
                                    211 	.globl _EP8GPIFPFSTOP
                                    212 	.globl _EP8GPIFFLGSEL
                                    213 	.globl _EP6GPIFTRIG
                                    214 	.globl _EP6GPIFPFSTOP
                                    215 	.globl _EP6GPIFFLGSEL
                                    216 	.globl _EP4GPIFTRIG
                                    217 	.globl _EP4GPIFPFSTOP
                                    218 	.globl _EP4GPIFFLGSEL
                                    219 	.globl _EP2GPIFTRIG
                                    220 	.globl _EP2GPIFPFSTOP
                                    221 	.globl _EP2GPIFFLGSEL
                                    222 	.globl _GPIFTCB0
                                    223 	.globl _GPIFTCB1
                                    224 	.globl _GPIFTCB2
                                    225 	.globl _GPIFTCB3
                                    226 	.globl _GPIFADRL
                                    227 	.globl _GPIFADRH
                                    228 	.globl _GPIFCTLCFG
                                    229 	.globl _GPIFIDLECTL
                                    230 	.globl _GPIFIDLECS
                                    231 	.globl _GPIFWFSELECT
                                    232 	.globl _SETUPDAT
                                    233 	.globl _SUDPTRCTL
                                    234 	.globl _SUDPTRL
                                    235 	.globl _SUDPTRH
                                    236 	.globl _EP8FIFOBCL
                                    237 	.globl _EP8FIFOBCH
                                    238 	.globl _EP6FIFOBCL
                                    239 	.globl _EP6FIFOBCH
                                    240 	.globl _EP4FIFOBCL
                                    241 	.globl _EP4FIFOBCH
                                    242 	.globl _EP2FIFOBCL
                                    243 	.globl _EP2FIFOBCH
                                    244 	.globl _EP8FIFOFLGS
                                    245 	.globl _EP6FIFOFLGS
                                    246 	.globl _EP4FIFOFLGS
                                    247 	.globl _EP2FIFOFLGS
                                    248 	.globl _EP8CS
                                    249 	.globl _EP6CS
                                    250 	.globl _EP4CS
                                    251 	.globl _EP2CS
                                    252 	.globl _EP1INCS
                                    253 	.globl _EP1OUTCS
                                    254 	.globl _EP0CS
                                    255 	.globl _EP8BCL
                                    256 	.globl _EP8BCH
                                    257 	.globl _EP6BCL
                                    258 	.globl _EP6BCH
                                    259 	.globl _EP4BCL
                                    260 	.globl _EP4BCH
                                    261 	.globl _EP2BCL
                                    262 	.globl _EP2BCH
                                    263 	.globl _EP1INBC
                                    264 	.globl _EP1OUTBC
                                    265 	.globl _EP0BCL
                                    266 	.globl _EP0BCH
                                    267 	.globl _FNADDR
                                    268 	.globl _MICROFRAME
                                    269 	.globl _USBFRAMEL
                                    270 	.globl _USBFRAMEH
                                    271 	.globl _TOGCTL
                                    272 	.globl _WAKEUPCS
                                    273 	.globl _SUSPEND
                                    274 	.globl _USBCS
                                    275 	.globl _XAUTODAT2
                                    276 	.globl _XAUTODAT1
                                    277 	.globl _I2CTL
                                    278 	.globl _I2DAT
                                    279 	.globl _I2CS
                                    280 	.globl _PORTECFG
                                    281 	.globl _PORTCCFG
                                    282 	.globl _PORTACFG
                                    283 	.globl _INTSETUP
                                    284 	.globl _INT4IVEC
                                    285 	.globl _INT2IVEC
                                    286 	.globl _CLRERRCNT
                                    287 	.globl _ERRCNTLIM
                                    288 	.globl _USBERRIRQ
                                    289 	.globl _USBERRIE
                                    290 	.globl _GPIFIRQ
                                    291 	.globl _GPIFIE
                                    292 	.globl _EPIRQ
                                    293 	.globl _EPIE
                                    294 	.globl _USBIRQ
                                    295 	.globl _USBIE
                                    296 	.globl _NAKIRQ
                                    297 	.globl _NAKIE
                                    298 	.globl _IBNIRQ
                                    299 	.globl _IBNIE
                                    300 	.globl _EP8FIFOIRQ
                                    301 	.globl _EP8FIFOIE
                                    302 	.globl _EP6FIFOIRQ
                                    303 	.globl _EP6FIFOIE
                                    304 	.globl _EP4FIFOIRQ
                                    305 	.globl _EP4FIFOIE
                                    306 	.globl _EP2FIFOIRQ
                                    307 	.globl _EP2FIFOIE
                                    308 	.globl _OUTPKTEND
                                    309 	.globl _INPKTEND
                                    310 	.globl _EP8ISOINPKTS
                                    311 	.globl _EP6ISOINPKTS
                                    312 	.globl _EP4ISOINPKTS
                                    313 	.globl _EP2ISOINPKTS
                                    314 	.globl _EP8FIFOPFL
                                    315 	.globl _EP8FIFOPFH
                                    316 	.globl _EP6FIFOPFL
                                    317 	.globl _EP6FIFOPFH
                                    318 	.globl _EP4FIFOPFL
                                    319 	.globl _EP4FIFOPFH
                                    320 	.globl _EP2FIFOPFL
                                    321 	.globl _EP2FIFOPFH
                                    322 	.globl _EP8AUTOINLENL
                                    323 	.globl _EP8AUTOINLENH
                                    324 	.globl _EP6AUTOINLENL
                                    325 	.globl _EP6AUTOINLENH
                                    326 	.globl _EP4AUTOINLENL
                                    327 	.globl _EP4AUTOINLENH
                                    328 	.globl _EP2AUTOINLENL
                                    329 	.globl _EP2AUTOINLENH
                                    330 	.globl _EP8FIFOCFG
                                    331 	.globl _EP6FIFOCFG
                                    332 	.globl _EP4FIFOCFG
                                    333 	.globl _EP2FIFOCFG
                                    334 	.globl _EP8CFG
                                    335 	.globl _EP6CFG
                                    336 	.globl _EP4CFG
                                    337 	.globl _EP2CFG
                                    338 	.globl _EP1INCFG
                                    339 	.globl _EP1OUTCFG
                                    340 	.globl _REVCTL
                                    341 	.globl _REVID
                                    342 	.globl _FIFOPINPOLAR
                                    343 	.globl _UART230
                                    344 	.globl _BPADDRL
                                    345 	.globl _BPADDRH
                                    346 	.globl _BREAKPT
                                    347 	.globl _FIFORESET
                                    348 	.globl _PINFLAGSCD
                                    349 	.globl _PINFLAGSAB
                                    350 	.globl _IFCONFIG
                                    351 	.globl _CPUCS
                                    352 	.globl _UNIQID5
                                    353 	.globl _UNIQID4
                                    354 	.globl _UNIQID3
                                    355 	.globl _UNIQID2
                                    356 	.globl _UNIQID1
                                    357 	.globl _UNIQID0
                                    358 	.globl _RES_WAVEDATA_END
                                    359 	.globl _GPIF_WAVE_DATA
                                    360 ;--------------------------------------------------------
                                    361 ; special function registers
                                    362 ;--------------------------------------------------------
                                    363 	.area RSEG    (ABS,DATA)
      000000                        364 	.org 0x0000
                           000080   365 _IOA	=	0x0080
                           000081   366 _SP	=	0x0081
                           000082   367 _DPL	=	0x0082
                           000083   368 _DPH	=	0x0083
                           000084   369 _DPL1	=	0x0084
                           000085   370 _DPH1	=	0x0085
                           000086   371 _DPS	=	0x0086
                           000087   372 _PCON	=	0x0087
                           000088   373 _TCON	=	0x0088
                           000089   374 _TMOD	=	0x0089
                           00008A   375 _TL0	=	0x008a
                           00008B   376 _TL1	=	0x008b
                           00008C   377 _TH0	=	0x008c
                           00008D   378 _TH1	=	0x008d
                           00008E   379 _CKCON	=	0x008e
                           000090   380 _IOB	=	0x0090
                           000091   381 _EXIF	=	0x0091
                           000092   382 __XPAGE	=	0x0092
                           000098   383 _SCON0	=	0x0098
                           000099   384 _SBUF0	=	0x0099
                           00009A   385 _AUTOPTRH1	=	0x009a
                           00009B   386 _AUTOPTRL1	=	0x009b
                           00009D   387 _AUTOPTRH2	=	0x009d
                           00009E   388 _AUTOPTRL2	=	0x009e
                           0000A0   389 _IOC	=	0x00a0
                           0000A1   390 _INT2CLR	=	0x00a1
                           0000A2   391 _INT4CLR	=	0x00a2
                           0000A8   392 _IE	=	0x00a8
                           0000AA   393 _EP2468STAT	=	0x00aa
                           0000AB   394 _EP24FIFOFLGS	=	0x00ab
                           0000AC   395 _EP68FIFOFLGS	=	0x00ac
                           0000AF   396 _AUTOPTRSETUP	=	0x00af
                           0000B0   397 _IOD	=	0x00b0
                           0000B1   398 _IOE	=	0x00b1
                           0000B2   399 _OEA	=	0x00b2
                           0000B3   400 _OEB	=	0x00b3
                           0000B4   401 _OEC	=	0x00b4
                           0000B5   402 _OED	=	0x00b5
                           0000B6   403 _OEE	=	0x00b6
                           0000B8   404 _IP	=	0x00b8
                           0000BA   405 _EP01STAT	=	0x00ba
                           0000BB   406 _GPIFTRIG	=	0x00bb
                           0000BD   407 _GPIFSGLDATH	=	0x00bd
                           0000BE   408 _GPIFSGLDATLX	=	0x00be
                           0000BF   409 _GPIFSGLDATLNOX	=	0x00bf
                           0000C0   410 _SCON1	=	0x00c0
                           0000C1   411 _SBUF1	=	0x00c1
                           0000C8   412 _T2CON	=	0x00c8
                           0000CA   413 _RCAP2L	=	0x00ca
                           0000CB   414 _RCAP2H	=	0x00cb
                           0000CC   415 _TL2	=	0x00cc
                           0000CD   416 _TH2	=	0x00cd
                           0000D0   417 _PSW	=	0x00d0
                           0000D8   418 _EICON	=	0x00d8
                           0000E0   419 _ACC	=	0x00e0
                           0000E8   420 _EIE	=	0x00e8
                           0000F0   421 _B	=	0x00f0
                           0000F8   422 _EIP	=	0x00f8
                                    423 ;--------------------------------------------------------
                                    424 ; special function bits
                                    425 ;--------------------------------------------------------
                                    426 	.area RSEG    (ABS,DATA)
      000000                        427 	.org 0x0000
                           000080   428 _PA0	=	0x0080
                           000081   429 _PA1	=	0x0081
                           000082   430 _PA2	=	0x0082
                           000083   431 _PA3	=	0x0083
                           000084   432 _PA4	=	0x0084
                           000085   433 _PA5	=	0x0085
                           000086   434 _PA6	=	0x0086
                           000087   435 _PA7	=	0x0087
                           000088   436 _IT0	=	0x0088
                           000089   437 _IE0	=	0x0089
                           00008A   438 _IT1	=	0x008a
                           00008B   439 _IE1	=	0x008b
                           00008C   440 _TR0	=	0x008c
                           00008D   441 _TF0	=	0x008d
                           00008E   442 _TR1	=	0x008e
                           00008F   443 _TF1	=	0x008f
                           000090   444 _PB0	=	0x0090
                           000091   445 _PB1	=	0x0091
                           000092   446 _PB2	=	0x0092
                           000093   447 _PB3	=	0x0093
                           000094   448 _PB4	=	0x0094
                           000095   449 _PB5	=	0x0095
                           000096   450 _PB6	=	0x0096
                           000097   451 _PB7	=	0x0097
                           000098   452 _RI	=	0x0098
                           000099   453 _TI	=	0x0099
                           00009A   454 _RB8	=	0x009a
                           00009B   455 _TB8	=	0x009b
                           00009C   456 _REN	=	0x009c
                           00009D   457 _SM2	=	0x009d
                           00009E   458 _SM1	=	0x009e
                           00009F   459 _SM0	=	0x009f
                           0000A0   460 _PC0	=	0x00a0
                           0000A1   461 _PC1	=	0x00a1
                           0000A2   462 _PC2	=	0x00a2
                           0000A3   463 _PC3	=	0x00a3
                           0000A4   464 _PC4	=	0x00a4
                           0000A5   465 _PC5	=	0x00a5
                           0000A6   466 _PC6	=	0x00a6
                           0000A7   467 _PC7	=	0x00a7
                           0000A8   468 _EX0	=	0x00a8
                           0000A9   469 _ET0	=	0x00a9
                           0000AA   470 _EX1	=	0x00aa
                           0000AB   471 _ET1	=	0x00ab
                           0000AC   472 _ES0	=	0x00ac
                           0000AD   473 _ET2	=	0x00ad
                           0000AE   474 _ES1	=	0x00ae
                           0000AF   475 _EA	=	0x00af
                           0000B0   476 _PD0	=	0x00b0
                           0000B1   477 _PD1	=	0x00b1
                           0000B2   478 _PD2	=	0x00b2
                           0000B3   479 _PD3	=	0x00b3
                           0000B4   480 _PD4	=	0x00b4
                           0000B5   481 _PD5	=	0x00b5
                           0000B6   482 _PD6	=	0x00b6
                           0000B7   483 _PD7	=	0x00b7
                           0000B8   484 _PX0	=	0x00b8
                           0000B9   485 _PT0	=	0x00b9
                           0000BA   486 _PX1	=	0x00ba
                           0000BB   487 _PT1	=	0x00bb
                           0000BC   488 _PS0	=	0x00bc
                           0000BD   489 _PT2	=	0x00bd
                           0000BE   490 _PS1	=	0x00be
                           0000C0   491 _RI1	=	0x00c0
                           0000C1   492 _TI1	=	0x00c1
                           0000C2   493 _RB81	=	0x00c2
                           0000C3   494 _TB81	=	0x00c3
                           0000C4   495 _REN1	=	0x00c4
                           0000C5   496 _SM21	=	0x00c5
                           0000C6   497 _SM11	=	0x00c6
                           0000C7   498 _SM01	=	0x00c7
                           0000C8   499 _CP_RL2	=	0x00c8
                           0000C9   500 _C_T2	=	0x00c9
                           0000CA   501 _TR2	=	0x00ca
                           0000CB   502 _EXEN2	=	0x00cb
                           0000CC   503 _TCLK	=	0x00cc
                           0000CD   504 _RCLK	=	0x00cd
                           0000CE   505 _EXF2	=	0x00ce
                           0000CF   506 _TF2	=	0x00cf
                           0000D0   507 _P	=	0x00d0
                           0000D1   508 _FL	=	0x00d1
                           0000D2   509 _OV	=	0x00d2
                           0000D3   510 _RS0	=	0x00d3
                           0000D4   511 _RS1	=	0x00d4
                           0000D5   512 _F0	=	0x00d5
                           0000D6   513 _AC	=	0x00d6
                           0000D7   514 _CY	=	0x00d7
                           0000DB   515 _INT6	=	0x00db
                           0000DC   516 _RESI	=	0x00dc
                           0000DD   517 _ERESI	=	0x00dd
                           0000DF   518 _SMOD1	=	0x00df
                           0000E8   519 _EUSB	=	0x00e8
                           0000E9   520 _EI2C	=	0x00e9
                           0000EA   521 _EIEX4	=	0x00ea
                           0000EB   522 _EIEX5	=	0x00eb
                           0000EC   523 _EIEX6	=	0x00ec
                           0000F8   524 _PUSB	=	0x00f8
                           0000F9   525 _PI2C	=	0x00f9
                           0000FA   526 _EIPX4	=	0x00fa
                           0000FB   527 _EIPX5	=	0x00fb
                           0000FC   528 _EIPX6	=	0x00fc
                                    529 ;--------------------------------------------------------
                                    530 ; overlayable register banks
                                    531 ;--------------------------------------------------------
                                    532 	.area REG_BANK_0	(REL,OVR,DATA)
      000000                        533 	.ds 8
                                    534 ;--------------------------------------------------------
                                    535 ; internal ram data
                                    536 ;--------------------------------------------------------
                                    537 	.area DSEG    (DATA)
      000000                        538 _Update_Snake_snake_10000_11:
      000000                        539 	.ds 1
      000001                        540 _Update_Snake_direction_10000_11:
      000001                        541 	.ds 1
                                    542 ;--------------------------------------------------------
                                    543 ; overlayable items in internal ram
                                    544 ;--------------------------------------------------------
                                    545 	.area	OSEG    (OVR,DATA)
                                    546 ;--------------------------------------------------------
                                    547 ; Stack segment in internal ram
                                    548 ;--------------------------------------------------------
                                    549 	.area SSEG
      000000                        550 __start__stack:
      000000                        551 	.ds	1
                                    552 
                                    553 ;--------------------------------------------------------
                                    554 ; indirectly addressable internal ram data
                                    555 ;--------------------------------------------------------
                                    556 	.area ISEG    (DATA)
                                    557 ;--------------------------------------------------------
                                    558 ; absolute internal ram data
                                    559 ;--------------------------------------------------------
                                    560 	.area IABS    (ABS,DATA)
                                    561 	.area IABS    (ABS,DATA)
                                    562 ;--------------------------------------------------------
                                    563 ; bit data
                                    564 ;--------------------------------------------------------
                                    565 	.area BSEG    (BIT)
                                    566 ;--------------------------------------------------------
                                    567 ; paged external ram data
                                    568 ;--------------------------------------------------------
                                    569 	.area PSEG    (PAG,XDATA)
                                    570 ;--------------------------------------------------------
                                    571 ; uninitialized external ram data
                                    572 ;--------------------------------------------------------
                                    573 	.area XSEG    (XDATA)
                           00E400   574 _GPIF_WAVE_DATA	=	0xe400
                           00E480   575 _RES_WAVEDATA_END	=	0xe480
                           00E507   576 _UNIQID0	=	0xe507
                           00E508   577 _UNIQID1	=	0xe508
                           00E509   578 _UNIQID2	=	0xe509
                           00E50A   579 _UNIQID3	=	0xe50a
                           00E50B   580 _UNIQID4	=	0xe50b
                           00E50C   581 _UNIQID5	=	0xe50c
                           00E600   582 _CPUCS	=	0xe600
                           00E601   583 _IFCONFIG	=	0xe601
                           00E602   584 _PINFLAGSAB	=	0xe602
                           00E603   585 _PINFLAGSCD	=	0xe603
                           00E604   586 _FIFORESET	=	0xe604
                           00E605   587 _BREAKPT	=	0xe605
                           00E606   588 _BPADDRH	=	0xe606
                           00E607   589 _BPADDRL	=	0xe607
                           00E608   590 _UART230	=	0xe608
                           00E609   591 _FIFOPINPOLAR	=	0xe609
                           00E60A   592 _REVID	=	0xe60a
                           00E60B   593 _REVCTL	=	0xe60b
                           00E610   594 _EP1OUTCFG	=	0xe610
                           00E611   595 _EP1INCFG	=	0xe611
                           00E612   596 _EP2CFG	=	0xe612
                           00E613   597 _EP4CFG	=	0xe613
                           00E614   598 _EP6CFG	=	0xe614
                           00E615   599 _EP8CFG	=	0xe615
                           00E618   600 _EP2FIFOCFG	=	0xe618
                           00E619   601 _EP4FIFOCFG	=	0xe619
                           00E61A   602 _EP6FIFOCFG	=	0xe61a
                           00E61B   603 _EP8FIFOCFG	=	0xe61b
                           00E620   604 _EP2AUTOINLENH	=	0xe620
                           00E621   605 _EP2AUTOINLENL	=	0xe621
                           00E622   606 _EP4AUTOINLENH	=	0xe622
                           00E623   607 _EP4AUTOINLENL	=	0xe623
                           00E624   608 _EP6AUTOINLENH	=	0xe624
                           00E625   609 _EP6AUTOINLENL	=	0xe625
                           00E626   610 _EP8AUTOINLENH	=	0xe626
                           00E627   611 _EP8AUTOINLENL	=	0xe627
                           00E630   612 _EP2FIFOPFH	=	0xe630
                           00E631   613 _EP2FIFOPFL	=	0xe631
                           00E632   614 _EP4FIFOPFH	=	0xe632
                           00E633   615 _EP4FIFOPFL	=	0xe633
                           00E634   616 _EP6FIFOPFH	=	0xe634
                           00E635   617 _EP6FIFOPFL	=	0xe635
                           00E636   618 _EP8FIFOPFH	=	0xe636
                           00E637   619 _EP8FIFOPFL	=	0xe637
                           00E640   620 _EP2ISOINPKTS	=	0xe640
                           00E641   621 _EP4ISOINPKTS	=	0xe641
                           00E642   622 _EP6ISOINPKTS	=	0xe642
                           00E643   623 _EP8ISOINPKTS	=	0xe643
                           00E648   624 _INPKTEND	=	0xe648
                           00E649   625 _OUTPKTEND	=	0xe649
                           00E650   626 _EP2FIFOIE	=	0xe650
                           00E651   627 _EP2FIFOIRQ	=	0xe651
                           00E652   628 _EP4FIFOIE	=	0xe652
                           00E653   629 _EP4FIFOIRQ	=	0xe653
                           00E654   630 _EP6FIFOIE	=	0xe654
                           00E655   631 _EP6FIFOIRQ	=	0xe655
                           00E656   632 _EP8FIFOIE	=	0xe656
                           00E657   633 _EP8FIFOIRQ	=	0xe657
                           00E658   634 _IBNIE	=	0xe658
                           00E659   635 _IBNIRQ	=	0xe659
                           00E65A   636 _NAKIE	=	0xe65a
                           00E65B   637 _NAKIRQ	=	0xe65b
                           00E65C   638 _USBIE	=	0xe65c
                           00E65D   639 _USBIRQ	=	0xe65d
                           00E65E   640 _EPIE	=	0xe65e
                           00E65F   641 _EPIRQ	=	0xe65f
                           00E660   642 _GPIFIE	=	0xe660
                           00E661   643 _GPIFIRQ	=	0xe661
                           00E662   644 _USBERRIE	=	0xe662
                           00E663   645 _USBERRIRQ	=	0xe663
                           00E664   646 _ERRCNTLIM	=	0xe664
                           00E665   647 _CLRERRCNT	=	0xe665
                           00E666   648 _INT2IVEC	=	0xe666
                           00E667   649 _INT4IVEC	=	0xe667
                           00E668   650 _INTSETUP	=	0xe668
                           00E670   651 _PORTACFG	=	0xe670
                           00E671   652 _PORTCCFG	=	0xe671
                           00E672   653 _PORTECFG	=	0xe672
                           00E678   654 _I2CS	=	0xe678
                           00E679   655 _I2DAT	=	0xe679
                           00E67A   656 _I2CTL	=	0xe67a
                           00E67B   657 _XAUTODAT1	=	0xe67b
                           00E67C   658 _XAUTODAT2	=	0xe67c
                           00E680   659 _USBCS	=	0xe680
                           00E681   660 _SUSPEND	=	0xe681
                           00E682   661 _WAKEUPCS	=	0xe682
                           00E683   662 _TOGCTL	=	0xe683
                           00E684   663 _USBFRAMEH	=	0xe684
                           00E685   664 _USBFRAMEL	=	0xe685
                           00E686   665 _MICROFRAME	=	0xe686
                           00E687   666 _FNADDR	=	0xe687
                           00E68A   667 _EP0BCH	=	0xe68a
                           00E68B   668 _EP0BCL	=	0xe68b
                           00E68D   669 _EP1OUTBC	=	0xe68d
                           00E68F   670 _EP1INBC	=	0xe68f
                           00E690   671 _EP2BCH	=	0xe690
                           00E691   672 _EP2BCL	=	0xe691
                           00E694   673 _EP4BCH	=	0xe694
                           00E695   674 _EP4BCL	=	0xe695
                           00E698   675 _EP6BCH	=	0xe698
                           00E699   676 _EP6BCL	=	0xe699
                           00E69C   677 _EP8BCH	=	0xe69c
                           00E69D   678 _EP8BCL	=	0xe69d
                           00E6A0   679 _EP0CS	=	0xe6a0
                           00E6A1   680 _EP1OUTCS	=	0xe6a1
                           00E6A2   681 _EP1INCS	=	0xe6a2
                           00E6A3   682 _EP2CS	=	0xe6a3
                           00E6A4   683 _EP4CS	=	0xe6a4
                           00E6A5   684 _EP6CS	=	0xe6a5
                           00E6A6   685 _EP8CS	=	0xe6a6
                           00E6A7   686 _EP2FIFOFLGS	=	0xe6a7
                           00E6A8   687 _EP4FIFOFLGS	=	0xe6a8
                           00E6A9   688 _EP6FIFOFLGS	=	0xe6a9
                           00E6AA   689 _EP8FIFOFLGS	=	0xe6aa
                           00E6AB   690 _EP2FIFOBCH	=	0xe6ab
                           00E6AC   691 _EP2FIFOBCL	=	0xe6ac
                           00E6AD   692 _EP4FIFOBCH	=	0xe6ad
                           00E6AE   693 _EP4FIFOBCL	=	0xe6ae
                           00E6AF   694 _EP6FIFOBCH	=	0xe6af
                           00E6B0   695 _EP6FIFOBCL	=	0xe6b0
                           00E6B1   696 _EP8FIFOBCH	=	0xe6b1
                           00E6B2   697 _EP8FIFOBCL	=	0xe6b2
                           00E6B3   698 _SUDPTRH	=	0xe6b3
                           00E6B4   699 _SUDPTRL	=	0xe6b4
                           00E6B5   700 _SUDPTRCTL	=	0xe6b5
                           00E6B8   701 _SETUPDAT	=	0xe6b8
                           00E6C0   702 _GPIFWFSELECT	=	0xe6c0
                           00E6C1   703 _GPIFIDLECS	=	0xe6c1
                           00E6C2   704 _GPIFIDLECTL	=	0xe6c2
                           00E6C3   705 _GPIFCTLCFG	=	0xe6c3
                           00E6C4   706 _GPIFADRH	=	0xe6c4
                           00E6C5   707 _GPIFADRL	=	0xe6c5
                           00E6CE   708 _GPIFTCB3	=	0xe6ce
                           00E6CF   709 _GPIFTCB2	=	0xe6cf
                           00E6D0   710 _GPIFTCB1	=	0xe6d0
                           00E6D1   711 _GPIFTCB0	=	0xe6d1
                           00E6D2   712 _EP2GPIFFLGSEL	=	0xe6d2
                           00E6D3   713 _EP2GPIFPFSTOP	=	0xe6d3
                           00E6D4   714 _EP2GPIFTRIG	=	0xe6d4
                           00E6DA   715 _EP4GPIFFLGSEL	=	0xe6da
                           00E6DB   716 _EP4GPIFPFSTOP	=	0xe6db
                           00E6DC   717 _EP4GPIFTRIG	=	0xe6dc
                           00E6E2   718 _EP6GPIFFLGSEL	=	0xe6e2
                           00E6E3   719 _EP6GPIFPFSTOP	=	0xe6e3
                           00E6E4   720 _EP6GPIFTRIG	=	0xe6e4
                           00E6EA   721 _EP8GPIFFLGSEL	=	0xe6ea
                           00E6EB   722 _EP8GPIFPFSTOP	=	0xe6eb
                           00E6EC   723 _EP8GPIFTRIG	=	0xe6ec
                           00E6F0   724 _XGPIFSGLDATH	=	0xe6f0
                           00E6F1   725 _XGPIFSGLDATLX	=	0xe6f1
                           00E6F2   726 _XGPIFSGLDATLNOX	=	0xe6f2
                           00E6F3   727 _GPIFREADYCFG	=	0xe6f3
                           00E6F4   728 _GPIFREADYSTAT	=	0xe6f4
                           00E6F5   729 _GPIFABORT	=	0xe6f5
                           00E6C6   730 _FLOWSTATE	=	0xe6c6
                           00E6C7   731 _FLOWLOGIC	=	0xe6c7
                           00E6C8   732 _FLOWEQ0CTL	=	0xe6c8
                           00E6C9   733 _FLOWEQ1CTL	=	0xe6c9
                           00E6CA   734 _FLOWHOLDOFF	=	0xe6ca
                           00E6CB   735 _FLOWSTB	=	0xe6cb
                           00E6CC   736 _FLOWSTBEDGE	=	0xe6cc
                           00E6CD   737 _FLOWSTBHPERIOD	=	0xe6cd
                           00E60C   738 _GPIFHOLDAMOUNT	=	0xe60c
                           00E67D   739 _UDMACRCH	=	0xe67d
                           00E67E   740 _UDMACRCL	=	0xe67e
                           00E67F   741 _UDMACRCQUAL	=	0xe67f
                           00E740   742 _EP0BUF	=	0xe740
                           00E780   743 _EP1OUTBUF	=	0xe780
                           00E7C0   744 _EP1INBUF	=	0xe7c0
                           00F000   745 _EP2FIFOBUF	=	0xf000
                           00F400   746 _EP4FIFOBUF	=	0xf400
                           00F800   747 _EP6FIFOBUF	=	0xf800
                           00FC00   748 _EP8FIFOBUF	=	0xfc00
                           00E628   749 _ECCCFG	=	0xe628
                           00E629   750 _ECCRESET	=	0xe629
                           00E62A   751 _ECC1B0	=	0xe62a
                           00E62B   752 _ECC1B1	=	0xe62b
                           00E62C   753 _ECC1B2	=	0xe62c
                           00E62D   754 _ECC2B0	=	0xe62d
                           00E62E   755 _ECC2B1	=	0xe62e
                           00E62F   756 _ECC2B2	=	0xe62f
                           00E50D   757 _GPCR2	=	0xe50d
                                    758 ;--------------------------------------------------------
                                    759 ; absolute external ram data
                                    760 ;--------------------------------------------------------
                                    761 	.area XABS    (ABS,XDATA)
                                    762 ;--------------------------------------------------------
                                    763 ; initialized external ram data
                                    764 ;--------------------------------------------------------
                                    765 	.area XISEG   (XDATA)
                                    766 	.area HOME    (CODE)
                                    767 	.area GSINIT0 (CODE)
                                    768 	.area GSINIT1 (CODE)
                                    769 	.area GSINIT2 (CODE)
                                    770 	.area GSINIT3 (CODE)
                                    771 	.area GSINIT4 (CODE)
                                    772 	.area GSINIT5 (CODE)
                                    773 	.area GSINIT  (CODE)
                                    774 	.area GSFINAL (CODE)
                                    775 	.area CSEG    (CODE)
                                    776 ;--------------------------------------------------------
                                    777 ; interrupt vector
                                    778 ;--------------------------------------------------------
                                    779 	.area HOME    (CODE)
      000000                        780 __interrupt_vect:
      000000 02r00r00         [24]  781 	ljmp	__sdcc_gsinit_startup
                                    782 ; restartable atomic support routines
      000003                        783 	.ds	5
      000008                        784 sdcc_atomic_exchange_rollback_start::
      000008 00               [12]  785 	nop
      000009 00               [12]  786 	nop
      00000A                        787 sdcc_atomic_exchange_pdata_impl:
      00000A E2               [24]  788 	movx	a, @r0
      00000B FB               [12]  789 	mov	r3, a
      00000C EA               [12]  790 	mov	a, r2
      00000D F2               [24]  791 	movx	@r0, a
      00000E 80 2C            [24]  792 	sjmp	sdcc_atomic_exchange_exit
      000010 00               [12]  793 	nop
      000011 00               [12]  794 	nop
      000012                        795 sdcc_atomic_exchange_xdata_impl:
      000012 E0               [24]  796 	movx	a, @dptr
      000013 FB               [12]  797 	mov	r3, a
      000014 EA               [12]  798 	mov	a, r2
      000015 F0               [24]  799 	movx	@dptr, a
      000016 80 24            [24]  800 	sjmp	sdcc_atomic_exchange_exit
      000018                        801 sdcc_atomic_compare_exchange_idata_impl:
      000018 E6               [12]  802 	mov	a, @r0
      000019 B5 02 02         [24]  803 	cjne	a, ar2, .+#5
      00001C EB               [12]  804 	mov	a, r3
      00001D F6               [12]  805 	mov	@r0, a
      00001E 22               [24]  806 	ret
      00001F 00               [12]  807 	nop
      000020                        808 sdcc_atomic_compare_exchange_pdata_impl:
      000020 E2               [24]  809 	movx	a, @r0
      000021 B5 02 02         [24]  810 	cjne	a, ar2, .+#5
      000024 EB               [12]  811 	mov	a, r3
      000025 F2               [24]  812 	movx	@r0, a
      000026 22               [24]  813 	ret
      000027 00               [12]  814 	nop
      000028                        815 sdcc_atomic_compare_exchange_xdata_impl:
      000028 E0               [24]  816 	movx	a, @dptr
      000029 B5 02 02         [24]  817 	cjne	a, ar2, .+#5
      00002C EB               [12]  818 	mov	a, r3
      00002D F0               [24]  819 	movx	@dptr, a
      00002E 22               [24]  820 	ret
      00002F                        821 sdcc_atomic_exchange_rollback_end::
                                    822 
      00002F                        823 sdcc_atomic_exchange_gptr_impl::
      00002F 30 F6 E0         [24]  824 	jnb	b.6, sdcc_atomic_exchange_xdata_impl
      000032 A8 82            [24]  825 	mov	r0, dpl
      000034 20 F5 D3         [24]  826 	jb	b.5, sdcc_atomic_exchange_pdata_impl
      000037                        827 sdcc_atomic_exchange_idata_impl:
      000037 EA               [12]  828 	mov	a, r2
      000038 C6               [12]  829 	xch	a, @r0
      000039 F5 82            [12]  830 	mov	dpl, a
      00003B 22               [24]  831 	ret
      00003C                        832 sdcc_atomic_exchange_exit:
      00003C 8B 82            [24]  833 	mov	dpl, r3
      00003E 22               [24]  834 	ret
      00003F                        835 sdcc_atomic_compare_exchange_gptr_impl::
      00003F 30 F6 E6         [24]  836 	jnb	b.6, sdcc_atomic_compare_exchange_xdata_impl
      000042 A8 82            [24]  837 	mov	r0, dpl
      000044 20 F5 D9         [24]  838 	jb	b.5, sdcc_atomic_compare_exchange_pdata_impl
      000047 80 CF            [24]  839 	sjmp	sdcc_atomic_compare_exchange_idata_impl
                                    840 ;--------------------------------------------------------
                                    841 ; global & static initialisations
                                    842 ;--------------------------------------------------------
                                    843 	.area HOME    (CODE)
                                    844 	.area GSINIT  (CODE)
                                    845 	.area GSFINAL (CODE)
                                    846 	.area GSINIT  (CODE)
                                    847 	.globl __sdcc_gsinit_startup
                                    848 	.globl __sdcc_program_startup
                                    849 	.globl __start__stack
                                    850 	.globl __mcs51_genXINIT
                                    851 	.globl __mcs51_genXRAMCLEAR
                                    852 	.globl __mcs51_genRAMCLEAR
                                    853 ;------------------------------------------------------------
                                    854 ;Allocation info for local variables in function 'Update_Snake'
                                    855 ;------------------------------------------------------------
                                    856 ;snake         Allocated with name '_Update_Snake_snake_10000_11'
                                    857 ;direction     Allocated with name '_Update_Snake_direction_10000_11'
                                    858 ;------------------------------------------------------------
                                    859 ;	main.c:32: static unsigned char snake = 0x07; 
      000000 75*00 07         [24]  860 	mov	_Update_Snake_snake_10000_11,#0x07
                                    861 ;	main.c:35: static unsigned char direction = 0; 
      000003 75*01 00         [24]  862 	mov	_Update_Snake_direction_10000_11,#0x00
                                    863 	.area GSFINAL (CODE)
      000000 02r00r49         [24]  864 	ljmp	__sdcc_program_startup
                                    865 ;--------------------------------------------------------
                                    866 ; Home
                                    867 ;--------------------------------------------------------
                                    868 	.area HOME    (CODE)
                                    869 	.area HOME    (CODE)
      000049                        870 __sdcc_program_startup:
      000049 02r00r82         [24]  871 	ljmp	_main
                                    872 ;	return from main will return to caller
                                    873 ;--------------------------------------------------------
                                    874 ; code
                                    875 ;--------------------------------------------------------
                                    876 	.area CSEG    (CODE)
                                    877 ;------------------------------------------------------------
                                    878 ;Allocation info for local variables in function 'delay_us'
                                    879 ;------------------------------------------------------------
                                    880 ;us            Allocated to registers 
                                    881 ;------------------------------------------------------------
                                    882 ;	main.c:3: void delay_us(unsigned int us) {
                                    883 ;	-----------------------------------------
                                    884 ;	 function delay_us
                                    885 ;	-----------------------------------------
      000000                        886 _delay_us:
                           000007   887 	ar7 = 0x07
                           000006   888 	ar6 = 0x06
                           000005   889 	ar5 = 0x05
                           000004   890 	ar4 = 0x04
                           000003   891 	ar3 = 0x03
                           000002   892 	ar2 = 0x02
                           000001   893 	ar1 = 0x01
                           000000   894 	ar0 = 0x00
      000000 AE 82            [24]  895 	mov	r6, dpl
      000002 AF 83            [24]  896 	mov	r7, dph
                                    897 ;	main.c:4: while(us--) {
      000004                        898 00101$:
      000004 8E 04            [24]  899 	mov	ar4,r6
      000006 8F 05            [24]  900 	mov	ar5,r7
      000008 1E               [12]  901 	dec	r6
      000009 BE FF 01         [24]  902 	cjne	r6,#0xff,00119$
      00000C 1F               [12]  903 	dec	r7
      00000D                        904 00119$:
      00000D EC               [12]  905 	mov	a,r4
      00000E 4D               [12]  906 	orl	a,r5
      00000F 60 04            [24]  907 	jz	00104$
                                    908 ;	main.c:5: __asm NOP __endasm; // Специфичный для SDCC синтаксис ассемблера
      000011 00               [12]  909 	NOP	
                                    910 ;	main.c:6: __asm NOP __endasm;
      000012 00               [12]  911 	NOP	
      000013 80 EF            [24]  912 	sjmp	00101$
      000015                        913 00104$:
                                    914 ;	main.c:8: }
      000015 22               [24]  915 	ret
                                    916 ;------------------------------------------------------------
                                    917 ;Allocation info for local variables in function 'delay_ms'
                                    918 ;------------------------------------------------------------
                                    919 ;ms            Allocated to registers 
                                    920 ;------------------------------------------------------------
                                    921 ;	main.c:10: void delay_ms(unsigned int ms) {
                                    922 ;	-----------------------------------------
                                    923 ;	 function delay_ms
                                    924 ;	-----------------------------------------
      000016                        925 _delay_ms:
      000016 AE 82            [24]  926 	mov	r6, dpl
      000018 AF 83            [24]  927 	mov	r7, dph
                                    928 ;	main.c:11: while(ms--) delay_us(1000);
      00001A                        929 00101$:
      00001A 8E 04            [24]  930 	mov	ar4,r6
      00001C 8F 05            [24]  931 	mov	ar5,r7
      00001E 1E               [12]  932 	dec	r6
      00001F BE FF 01         [24]  933 	cjne	r6,#0xff,00119$
      000022 1F               [12]  934 	dec	r7
      000023                        935 00119$:
      000023 EC               [12]  936 	mov	a,r4
      000024 4D               [12]  937 	orl	a,r5
      000025 60 10            [24]  938 	jz	00104$
      000027 90 03 E8         [24]  939 	mov	dptr,#0x03e8
      00002A C0 07            [24]  940 	push	ar7
      00002C C0 06            [24]  941 	push	ar6
      00002E 12r00r00         [24]  942 	lcall	_delay_us
      000031 D0 06            [24]  943 	pop	ar6
      000033 D0 07            [24]  944 	pop	ar7
      000035 80 E3            [24]  945 	sjmp	00101$
      000037                        946 00104$:
                                    947 ;	main.c:12: }
      000037 22               [24]  948 	ret
                                    949 ;------------------------------------------------------------
                                    950 ;Allocation info for local variables in function 'Init_Peripherals'
                                    951 ;------------------------------------------------------------
                                    952 ;	main.c:14: void Init_Peripherals(void) {
                                    953 ;	-----------------------------------------
                                    954 ;	 function Init_Peripherals
                                    955 ;	-----------------------------------------
      000038                        956 _Init_Peripherals:
                                    957 ;	main.c:15: OEB = 0xFF; // Порт B на вывод (LED)
      000038 75 B3 FF         [24]  958 	mov	_OEB,#0xff
                                    959 ;	main.c:16: OED = 0xFF; // Порт D на вывод (Centronics Data)
      00003B 75 B5 FF         [24]  960 	mov	_OED,#0xff
                                    961 ;	main.c:17: OEC |= 0x01; // PC0 на вывод (STROBE)
      00003E 43 B4 01         [24]  962 	orl	_OEC,#0x01
                                    963 ;	main.c:18: PC0 = 1;    // Изначально STROBE в пассивном высоком состоянии
                                    964 ;	assignBit
      000041 D2 A0            [12]  965 	setb	_PC0
                                    966 ;	main.c:19: }
      000043 22               [24]  967 	ret
                                    968 ;------------------------------------------------------------
                                    969 ;Allocation info for local variables in function 'Centronics_SendByte'
                                    970 ;------------------------------------------------------------
                                    971 ;byte_to_send  Allocated to registers 
                                    972 ;------------------------------------------------------------
                                    973 ;	main.c:21: void Centronics_SendByte(unsigned char byte_to_send) {
                                    974 ;	-----------------------------------------
                                    975 ;	 function Centronics_SendByte
                                    976 ;	-----------------------------------------
      000044                        977 _Centronics_SendByte:
      000044 85 82 B0         [24]  978 	mov	_IOD,dpl
                                    979 ;	main.c:23: delay_us(2); 
      000047 90 00 02         [24]  980 	mov	dptr,#0x0002
      00004A 12r00r00         [24]  981 	lcall	_delay_us
                                    982 ;	main.c:24: PC0 = 0; // Строб вниз
                                    983 ;	assignBit
      00004D C2 A0            [12]  984 	clr	_PC0
                                    985 ;	main.c:25: delay_us(5); 
      00004F 90 00 05         [24]  986 	mov	dptr,#0x0005
      000052 12r00r00         [24]  987 	lcall	_delay_us
                                    988 ;	main.c:26: PC0 = 1; // Строб вверх
                                    989 ;	assignBit
      000055 D2 A0            [12]  990 	setb	_PC0
                                    991 ;	main.c:27: delay_us(2); 
      000057 90 00 02         [24]  992 	mov	dptr,#0x0002
                                    993 ;	main.c:28: }
      00005A 02r00r00         [24]  994 	ljmp	_delay_us
                                    995 ;------------------------------------------------------------
                                    996 ;Allocation info for local variables in function 'Update_Snake'
                                    997 ;------------------------------------------------------------
                                    998 ;snake         Allocated with name '_Update_Snake_snake_10000_11'
                                    999 ;direction     Allocated with name '_Update_Snake_direction_10000_11'
                                   1000 ;------------------------------------------------------------
                                   1001 ;	main.c:30: void Update_Snake(void) {
                                   1002 ;	-----------------------------------------
                                   1003 ;	 function Update_Snake
                                   1004 ;	-----------------------------------------
      00005D                       1005 _Update_Snake:
                                   1006 ;	main.c:38: IOB = snake;
      00005D 85*00 90         [24] 1007 	mov	_IOB,_Update_Snake_snake_10000_11
                                   1008 ;	main.c:40: if (direction == 0) {
      000060 E5*01            [12] 1009 	mov	a,_Update_Snake_direction_10000_11
      000062 70 0F            [24] 1010 	jnz	00106$
                                   1011 ;	main.c:42: snake <<= 1;
      000064 E5*00            [12] 1012 	mov	a,_Update_Snake_snake_10000_11
      000066 25*00            [12] 1013 	add	a,_Update_Snake_snake_10000_11
      000068 F5*00            [12] 1014 	mov	_Update_Snake_snake_10000_11,a
                                   1015 ;	main.c:46: if (snake == 0xE0) { 
      00006A 74 E0            [12] 1016 	mov	a,#0xe0
      00006C B5*00 12         [24] 1017 	cjne	a,_Update_Snake_snake_10000_11,00108$
                                   1018 ;	main.c:47: direction = 1; // Меняем направление на обратное
      00006F 75*01 01         [24] 1019 	mov	_Update_Snake_direction_10000_11,#0x01
      000072 22               [24] 1020 	ret
      000073                       1021 00106$:
                                   1022 ;	main.c:51: snake >>= 1;
      000073 E5*00            [12] 1023 	mov	a,_Update_Snake_snake_10000_11
      000075 C3               [12] 1024 	clr	c
      000076 13               [12] 1025 	rrc	a
      000077 F5*00            [12] 1026 	mov	_Update_Snake_snake_10000_11,a
                                   1027 ;	main.c:55: if (snake == 0x07) { 
      000079 74 07            [12] 1028 	mov	a,#0x07
      00007B B5*00 03         [24] 1029 	cjne	a,_Update_Snake_snake_10000_11,00108$
                                   1030 ;	main.c:56: direction = 0; // Меняем направление на движение влево
      00007E 75*01 00         [24] 1031 	mov	_Update_Snake_direction_10000_11,#0x00
      000081                       1032 00108$:
                                   1033 ;	main.c:59: }
      000081 22               [24] 1034 	ret
                                   1035 ;------------------------------------------------------------
                                   1036 ;Allocation info for local variables in function 'main'
                                   1037 ;------------------------------------------------------------
                                   1038 ;	main.c:61: void main(void) {
                                   1039 ;	-----------------------------------------
                                   1040 ;	 function main
                                   1041 ;	-----------------------------------------
      000082                       1042 _main:
                                   1043 ;	main.c:62: Init_Peripherals();
      000082 12r00r38         [24] 1044 	lcall	_Init_Peripherals
                                   1045 ;	main.c:63: while(1) {
      000085                       1046 00102$:
                                   1047 ;	main.c:64: Centronics_SendByte(0xAA);
      000085 75 82 AA         [24] 1048 	mov	dpl, #0xaa
      000088 12r00r44         [24] 1049 	lcall	_Centronics_SendByte
                                   1050 ;	main.c:65: Update_Snake();
      00008B 12r00r5D         [24] 1051 	lcall	_Update_Snake
                                   1052 ;	main.c:66: delay_ms(150); 
      00008E 90 00 96         [24] 1053 	mov	dptr,#0x0096
      000091 12r00r16         [24] 1054 	lcall	_delay_ms
                                   1055 ;	main.c:68: }
      000094 80 EF            [24] 1056 	sjmp	00102$
                                   1057 	.area CSEG    (CODE)
                                   1058 	.area CONST   (CODE)
                                   1059 	.area XINIT   (CODE)
                                   1060 	.area CABS    (ABS,CODE)
