This file contains any messages produced by compilers while
running configure, to aid debugging if configure makes a mistake.

It was created by configure, which was
generated by GNU Autoconf 2.59.  Invocation command line was

  $ ./configure 

## --------- ##
## Platform. ##
## --------- ##

hostname = PeriodicTable
uname -m = x86_64
uname -r = 6.19.11-arch1-1
uname -s = Linux
uname -v = #1 SMP PREEMPT_DYNAMIC Thu, 02 Apr 2026 23:33:01 +0000

/usr/bin/uname -p = unknown
/bin/uname -X     = unknown

/bin/arch              = unknown
/usr/bin/arch -k       = unknown
/usr/convex/getsysinfo = unknown
hostinfo               = unknown
/bin/machine           = unknown
/usr/bin/oslevel       = unknown
/bin/universe          = unknown

PATH: /home/artewat/OCCAM/bin
PATH: /home/artewat/.npm-global/bin
PATH: /usr/local/sbin
PATH: /usr/local/bin
PATH: /usr/bin
PATH: /usr/bin/site_perl
PATH: /usr/bin/vendor_perl
PATH: /usr/bin/core_perl
PATH: /home/artewat/.local/bin
PATH: /home/artewat/.local/bin


## ----------- ##
## Core tests. ##
## ----------- ##

configure:1553: checking build system type
configure:1571: result: x86_64-unknown-linux-gnu
configure:1579: checking host system type
configure:1593: result: x86_64-unknown-linux-gnu
configure:1616: checking for a BSD-compatible install
configure:1671: result: /usr/bin/install -c
configure:1682: checking whether build environment is sane
configure:1725: result: yes
configure:1740: checking whether make sets $(MAKE)
configure:1760: result: yes
configure:1792: checking for working aclocal-1.4
configure:1803: result: missing
configure:1807: checking for working autoconf
configure:1814: result: found
configure:1822: checking for working automake-1.4
configure:1833: result: missing
configure:1837: checking for working autoheader
configure:1844: result: found
configure:1852: checking for working makeinfo
configure:1859: result: found
configure:1868: checking whether to enable maintainer-specific portions of Makefiles
configure:1877: result: no
configure:2001: checking for gcc
configure:2017: found /usr/bin/gcc
configure:2027: result: gcc
configure:2271: checking for C compiler version
configure:2274: gcc --version </dev/null >&5
gcc (GCC) 15.2.1 20260209
Copyright (C) 2025 Free Software Foundation, Inc.
This is free software; see the source for copying conditions.  There is NO
warranty; not even for MERCHANTABILITY or FITNESS FOR A PARTICULAR PURPOSE.

configure:2277: $? = 0
configure:2279: gcc -v </dev/null >&5
Using built-in specs.
COLLECT_GCC=gcc
COLLECT_LTO_WRAPPER=/usr/lib/gcc/x86_64-pc-linux-gnu/15.2.1/lto-wrapper
Target: x86_64-pc-linux-gnu
Configured with: /build/gcc/src/gcc/configure --enable-languages=ada,c,c++,d,fortran,go,lto,m2,objc,obj-c++,rust,cobol --enable-bootstrap --prefix=/usr --libdir=/usr/lib --libexecdir=/usr/lib --mandir=/usr/share/man --infodir=/usr/share/info --with-bugurl=https://gitlab.archlinux.org/archlinux/packaging/packages/gcc/-/issues --with-build-config=bootstrap-lto --with-linker-hash-style=gnu --with-system-zlib --enable-__cxa_atexit --enable-cet=auto --enable-checking=release --enable-clocale=gnu --enable-default-pie --enable-default-ssp --enable-gnu-indirect-function --enable-gnu-unique-object --enable-libstdcxx-backtrace --enable-link-serialization=1 --enable-linker-build-id --enable-lto --enable-multilib --enable-plugin --enable-shared --enable-threads=posix --disable-libssp --disable-libstdcxx-pch --disable-werror
Thread model: posix
Supported LTO compression algorithms: zlib zstd
gcc version 15.2.1 20260209 (GCC) 
configure:2282: $? = 0
configure:2284: gcc -V </dev/null >&5
gcc: error: unrecognized command-line option '-V'
gcc: fatal error: no input files
compilation terminated.
configure:2287: $? = 1
configure:2310: checking for C compiler default output file name
configure:2313: gcc    conftest.c  >&5
configure:2316: $? = 0
configure:2362: result: a.out
configure:2367: checking whether the C compiler works
configure:2373: ./a.out
configure:2376: $? = 0
configure:2393: result: yes
configure:2400: checking whether we are cross compiling
configure:2402: result: no
configure:2405: checking for suffix of executables
configure:2407: gcc -o conftest    conftest.c  >&5
configure:2410: $? = 0
configure:2435: result: 
configure:2441: checking for suffix of object files
configure:2462: gcc -c   conftest.c >&5
configure:2465: $? = 0
configure:2487: result: o
configure:2491: checking whether we are using the GNU C compiler
configure:2515: gcc -c   conftest.c >&5
configure:2521: $? = 0
configure:2524: test -z 			 || test ! -s conftest.err
configure:2527: $? = 0
configure:2530: test -s conftest.o
configure:2533: $? = 0
configure:2546: result: yes
configure:2552: checking whether gcc accepts -g
configure:2573: gcc -c -g  conftest.c >&5
configure:2579: $? = 0
configure:2582: test -z 			 || test ! -s conftest.err
configure:2585: $? = 0
configure:2588: test -s conftest.o
configure:2591: $? = 0
configure:2602: result: yes
configure:2619: checking for gcc option to accept ANSI C
configure:2689: gcc  -c -g -O2  conftest.c >&5
conftest.c: In function 'e':
conftest.c:18:14: warning: old-style function definition [-Wold-style-definition]
   18 | static char *e (p, i)
      |              ^
configure:2695: $? = 0
configure:2698: test -z 			 || test ! -s conftest.err
configure:2701: $? = 0
configure:2704: test -s conftest.o
configure:2707: $? = 0
configure:2725: result: none needed
configure:2743: gcc -c -g -O2  conftest.c >&5
conftest.c:2:3: error: unknown type name 'choke'
    2 |   choke me
      |   ^~~~~
conftest.c:2:3: error: expected '=', ',', ';', 'asm' or '__attribute__' at end of input
configure:2749: $? = 1
configure: failed program was:
| #ifndef __cplusplus
|   choke me
| #endif
configure:2955: checking for strerror in -lcposix
configure:2985: gcc -o conftest -g -O2 -Wall   conftest.c -lcposix   >&5
/usr/bin/ld: cannot find -lcposix: No such file or directory
collect2: error: ld returned 1 exit status
configure:2991: $? = 1
configure: failed program was:
| /* confdefs.h.  */
| 
| #define PACKAGE_NAME ""
| #define PACKAGE_TARNAME ""
| #define PACKAGE_VERSION ""
| #define PACKAGE_STRING ""
| #define PACKAGE_BUGREPORT ""
| #define PACKAGE "VisualOS"
| #define VERSION "1.0.5"
| #define _REENTRANT 1
| /* end confdefs.h.  */
| 
| /* Override any gcc2 internal prototype to avoid an error.  */
| #ifdef __cplusplus
| extern "C"
| #endif
| /* We use char because int might match the return type of a gcc2
|    builtin and then its argument prototype would still apply.  */
| char strerror ();
| int
| main ()
| {
| strerror ();
|   ;
|   return 0;
| }
configure:3016: result: no
configure:3027: checking for gcc option to accept ANSI C
configure:3089: gcc  -c -g -O2 -Wall  conftest.c >&5
conftest.c: In function 'e':
conftest.c:19:14: warning: old-style function definition [-Wold-style-definition]
   19 | static char *e (p, i)
      |              ^
configure:3095: $? = 0
configure:3098: test -z 			 || test ! -s conftest.err
configure:3101: $? = 0
configure:3104: test -s conftest.o
configure:3107: $? = 0
configure:3122: result: none needed
configure:3174: checking for ranlib
configure:3190: found /usr/bin/ranlib
configure:3201: result: ranlib
configure:3214: checking for an ANSI C-conforming const
configure:3281: gcc -c -g -O2 -Wall  conftest.c >&5
conftest.c: In function 'main':
conftest.c:39:17: warning: unused variable 's' [-Wunused-variable]
   39 |     char const *s = 0 ? (char *) 0 : (char const *) 0;
      |                 ^
conftest.c:59:15: warning: unused variable 'foo' [-Wunused-variable]
   59 |     const int foo = 10;
      |               ^~~
conftest.c:26:29: warning: unused variable 'zero' [-Wunused-variable]
   26 |   static struct point const zero = {0,0};
      |                             ^~~~
conftest.c:20:17: warning: unused variable 'x' [-Wunused-variable]
   20 |   const charset x;
      |                 ^
conftest.c:41:7: warning: 't' is used uninitialized [-Wuninitialized]
   41 |     *t++ = 0;
      |      ~^~
conftest.c:38:11: note: 't' was declared here
   38 |     char *t;
      |           ^
conftest.c:56:23: warning: 'b' is used uninitialized [-Wuninitialized]
   56 |     struct s *b; b->j = 5;
      |                  ~~~~~^~~
conftest.c:56:15: note: 'b' was declared here
   56 |     struct s *b; b->j = 5;
      |               ^
configure:3287: $? = 0
configure:3290: test -z 			 || test ! -s conftest.err
configure:3293: $? = 0
configure:3296: test -s conftest.o
configure:3299: $? = 0
configure:3310: result: yes
configure:3320: checking for inline
configure:3341: gcc -c -g -O2 -Wall  conftest.c >&5
configure:3347: $? = 0
configure:3350: test -z 			 || test ! -s conftest.err
configure:3353: $? = 0
configure:3356: test -s conftest.o
configure:3359: $? = 0
configure:3371: result: inline
configure:3396: checking how to run the C preprocessor
configure:3431: gcc -E  conftest.c
configure:3437: $? = 0
configure:3469: gcc -E  conftest.c
conftest.c:12:10: fatal error: ac_nonexistent.h: No such file or directory
   12 | #include <ac_nonexistent.h>
      |          ^~~~~~~~~~~~~~~~~~
compilation terminated.
configure:3475: $? = 1
configure: failed program was:
| /* confdefs.h.  */
| 
| #define PACKAGE_NAME ""
| #define PACKAGE_TARNAME ""
| #define PACKAGE_VERSION ""
| #define PACKAGE_STRING ""
| #define PACKAGE_BUGREPORT ""
| #define PACKAGE "VisualOS"
| #define VERSION "1.0.5"
| #define _REENTRANT 1
| /* end confdefs.h.  */
| #include <ac_nonexistent.h>
configure:3514: result: gcc -E
configure:3538: gcc -E  conftest.c
configure:3544: $? = 0
configure:3576: gcc -E  conftest.c
conftest.c:12:10: fatal error: ac_nonexistent.h: No such file or directory
   12 | #include <ac_nonexistent.h>
      |          ^~~~~~~~~~~~~~~~~~
compilation terminated.
configure:3582: $? = 1
configure: failed program was:
| /* confdefs.h.  */
| 
| #define PACKAGE_NAME ""
| #define PACKAGE_TARNAME ""
| #define PACKAGE_VERSION ""
| #define PACKAGE_STRING ""
| #define PACKAGE_BUGREPORT ""
| #define PACKAGE "VisualOS"
| #define VERSION "1.0.5"
| #define _REENTRANT 1
| /* end confdefs.h.  */
| #include <ac_nonexistent.h>
configure:3626: checking for egrep
configure:3636: result: grep -E
configure:3641: checking for ANSI C header files
configure:3666: gcc -c -g -O2 -Wall  conftest.c >&5
configure:3672: $? = 0
configure:3675: test -z 			 || test ! -s conftest.err
configure:3678: $? = 0
configure:3681: test -s conftest.o
configure:3684: $? = 0
configure:3773: gcc -o conftest -g -O2 -Wall   conftest.c  >&5
conftest.c: In function 'main':
conftest.c:29:7: error: implicit declaration of function 'exit' [-Wimplicit-function-declaration]
   29 |       exit(2);
      |       ^~~~
conftest.c:13:1: note: include '<stdlib.h>' or provide a declaration of 'exit'
   12 | #include <ctype.h>
  +++ |+#include <stdlib.h>
   13 | #if ((' ' & 0x0FF) == 0x020)
conftest.c:29:7: warning: incompatible implicit declaration of built-in function 'exit' [-Wbuiltin-declaration-mismatch]
   29 |       exit(2);
      |       ^~~~
conftest.c:29:7: note: include '<stdlib.h>' or provide a declaration of 'exit'
conftest.c:30:3: warning: incompatible implicit declaration of built-in function 'exit' [-Wbuiltin-declaration-mismatch]
   30 |   exit (0);
      |   ^~~~
conftest.c:30:3: note: include '<stdlib.h>' or provide a declaration of 'exit'
configure:3776: $? = 1
configure: program exited with status 1
configure: failed program was:
| /* confdefs.h.  */
| 
| #define PACKAGE_NAME ""
| #define PACKAGE_TARNAME ""
| #define PACKAGE_VERSION ""
| #define PACKAGE_STRING ""
| #define PACKAGE_BUGREPORT ""
| #define PACKAGE "VisualOS"
| #define VERSION "1.0.5"
| #define _REENTRANT 1
| /* end confdefs.h.  */
| #include <ctype.h>
| #if ((' ' & 0x0FF) == 0x020)
| # define ISLOWER(c) ('a' <= (c) && (c) <= 'z')
| # define TOUPPER(c) (ISLOWER(c) ? 'A' + ((c) - 'a') : (c))
| #else
| # define ISLOWER(c) 		   (('a' <= (c) && (c) <= 'i') 		     || ('j' <= (c) && (c) <= 'r') 		     || ('s' <= (c) && (c) <= 'z'))
| # define TOUPPER(c) (ISLOWER(c) ? ((c) | 0x40) : (c))
| #endif
| 
| #define XOR(e, f) (((e) && !(f)) || (!(e) && (f)))
| int
| main ()
| {
|   int i;
|   for (i = 0; i < 256; i++)
|     if (XOR (islower (i), ISLOWER (i))
| 	|| toupper (i) != TOUPPER (i))
|       exit(2);
|   exit (0);
| }
configure:3796: result: no
configure:3823: checking for sys/types.h
configure:3839: gcc -c -g -O2 -Wall  conftest.c >&5
configure:3845: $? = 0
configure:3848: test -z 			 || test ! -s conftest.err
configure:3851: $? = 0
configure:3854: test -s conftest.o
configure:3857: $? = 0
configure:3868: result: yes
configure:3823: checking for sys/stat.h
configure:3839: gcc -c -g -O2 -Wall  conftest.c >&5
configure:3845: $? = 0
configure:3848: test -z 			 || test ! -s conftest.err
configure:3851: $? = 0
configure:3854: test -s conftest.o
configure:3857: $? = 0
configure:3868: result: yes
configure:3823: checking for stdlib.h
configure:3839: gcc -c -g -O2 -Wall  conftest.c >&5
configure:3845: $? = 0
configure:3848: test -z 			 || test ! -s conftest.err
configure:3851: $? = 0
configure:3854: test -s conftest.o
configure:3857: $? = 0
configure:3868: result: yes
configure:3823: checking for string.h
configure:3839: gcc -c -g -O2 -Wall  conftest.c >&5
configure:3845: $? = 0
configure:3848: test -z 			 || test ! -s conftest.err
configure:3851: $? = 0
configure:3854: test -s conftest.o
configure:3857: $? = 0
configure:3868: result: yes
configure:3823: checking for memory.h
configure:3839: gcc -c -g -O2 -Wall  conftest.c >&5
configure:3845: $? = 0
configure:3848: test -z 			 || test ! -s conftest.err
configure:3851: $? = 0
configure:3854: test -s conftest.o
configure:3857: $? = 0
configure:3868: result: yes
configure:3823: checking for strings.h
configure:3839: gcc -c -g -O2 -Wall  conftest.c >&5
configure:3845: $? = 0
configure:3848: test -z 			 || test ! -s conftest.err
configure:3851: $? = 0
configure:3854: test -s conftest.o
configure:3857: $? = 0
configure:3868: result: yes
configure:3823: checking for inttypes.h
configure:3839: gcc -c -g -O2 -Wall  conftest.c >&5
configure:3845: $? = 0
configure:3848: test -z 			 || test ! -s conftest.err
configure:3851: $? = 0
configure:3854: test -s conftest.o
configure:3857: $? = 0
configure:3868: result: yes
configure:3823: checking for stdint.h
configure:3839: gcc -c -g -O2 -Wall  conftest.c >&5
configure:3845: $? = 0
configure:3848: test -z 			 || test ! -s conftest.err
configure:3851: $? = 0
configure:3854: test -s conftest.o
configure:3857: $? = 0
configure:3868: result: yes
configure:3823: checking for unistd.h
configure:3839: gcc -c -g -O2 -Wall  conftest.c >&5
configure:3845: $? = 0
configure:3848: test -z 			 || test ! -s conftest.err
configure:3851: $? = 0
configure:3854: test -s conftest.o
configure:3857: $? = 0
configure:3868: result: yes
configure:3880: checking for off_t
configure:3904: gcc -c -g -O2 -Wall  conftest.c >&5
configure:3910: $? = 0
configure:3913: test -z 			 || test ! -s conftest.err
configure:3916: $? = 0
configure:3919: test -s conftest.o
configure:3922: $? = 0
configure:3933: result: yes
configure:3945: checking for size_t
configure:3969: gcc -c -g -O2 -Wall  conftest.c >&5
configure:3975: $? = 0
configure:3978: test -z 			 || test ! -s conftest.err
configure:3981: $? = 0
configure:3984: test -s conftest.o
configure:3987: $? = 0
configure:3998: result: yes
configure:4012: checking for working alloca.h
configure:4033: gcc -o conftest -g -O2 -Wall   conftest.c  >&5
conftest.c: In function 'main':
conftest.c:25:7: warning: unused variable 'p' [-Wunused-variable]
   25 | char *p = (char *) alloca (2 * sizeof (int));
      |       ^
configure:4039: $? = 0
configure:4042: test -z 			 || test ! -s conftest.err
configure:4045: $? = 0
configure:4048: test -s conftest
configure:4051: $? = 0
configure:4063: result: yes
configure:4073: checking for alloca
configure:4114: gcc -o conftest -g -O2 -Wall   conftest.c  >&5
conftest.c: In function 'main':
conftest.c:46:7: warning: unused variable 'p' [-Wunused-variable]
   46 | char *p = (char *) alloca (1);
      |       ^
configure:4120: $? = 0
configure:4123: test -z 			 || test ! -s conftest.err
configure:4126: $? = 0
configure:4129: test -s conftest
configure:4132: $? = 0
configure:4144: result: yes
configure:4372: checking for stdlib.h
configure:4377: result: yes
configure:4372: checking for unistd.h
configure:4377: result: yes
configure:4520: checking for getpagesize
configure:4577: gcc -o conftest -g -O2 -Wall   conftest.c  >&5
configure:4583: $? = 0
configure:4586: test -z 			 || test ! -s conftest.err
configure:4589: $? = 0
configure:4592: test -s conftest
configure:4595: $? = 0
configure:4607: result: yes
configure:4617: checking for working mmap
configure:4759: gcc -o conftest -g -O2 -Wall   conftest.c  >&5
configure:4762: $? = 0
configure:4764: ./conftest
configure:4767: $? = 0
configure:4781: result: yes
configure:4815: checking argz.h usability
configure:4827: gcc -c -g -O2 -Wall  conftest.c >&5
configure:4833: $? = 0
configure:4836: test -z 			 || test ! -s conftest.err
configure:4839: $? = 0
configure:4842: test -s conftest.o
configure:4845: $? = 0
configure:4855: result: yes
configure:4859: checking argz.h presence
configure:4869: gcc -E  conftest.c
configure:4875: $? = 0
configure:4895: result: yes
configure:4930: checking for argz.h
configure:4937: result: yes
configure:4815: checking limits.h usability
configure:4827: gcc -c -g -O2 -Wall  conftest.c >&5
configure:4833: $? = 0
configure:4836: test -z 			 || test ! -s conftest.err
configure:4839: $? = 0
configure:4842: test -s conftest.o
configure:4845: $? = 0
configure:4855: result: yes
configure:4859: checking limits.h presence
configure:4869: gcc -E  conftest.c
configure:4875: $? = 0
configure:4895: result: yes
configure:4930: checking for limits.h
configure:4937: result: yes
configure:4815: checking locale.h usability
configure:4827: gcc -c -g -O2 -Wall  conftest.c >&5
configure:4833: $? = 0
configure:4836: test -z 			 || test ! -s conftest.err
configure:4839: $? = 0
configure:4842: test -s conftest.o
configure:4845: $? = 0
configure:4855: result: yes
configure:4859: checking locale.h presence
configure:4869: gcc -E  conftest.c
configure:4875: $? = 0
configure:4895: result: yes
configure:4930: checking for locale.h
configure:4937: result: yes
configure:4815: checking nl_types.h usability
configure:4827: gcc -c -g -O2 -Wall  conftest.c >&5
configure:4833: $? = 0
configure:4836: test -z 			 || test ! -s conftest.err
configure:4839: $? = 0
configure:4842: test -s conftest.o
configure:4845: $? = 0
configure:4855: result: yes
configure:4859: checking nl_types.h presence
configure:4869: gcc -E  conftest.c
configure:4875: $? = 0
configure:4895: result: yes
configure:4930: checking for nl_types.h
configure:4937: result: yes
configure:4815: checking malloc.h usability
configure:4827: gcc -c -g -O2 -Wall  conftest.c >&5
configure:4833: $? = 0
configure:4836: test -z 			 || test ! -s conftest.err
configure:4839: $? = 0
configure:4842: test -s conftest.o
configure:4845: $? = 0
configure:4855: result: yes
configure:4859: checking malloc.h presence
configure:4869: gcc -E  conftest.c
configure:4875: $? = 0
configure:4895: result: yes
configure:4930: checking for malloc.h
configure:4937: result: yes
configure:4806: checking for string.h
configure:4811: result: yes
configure:4806: checking for unistd.h
configure:4811: result: yes
configure:4815: checking sys/param.h usability
configure:4827: gcc -c -g -O2 -Wall  conftest.c >&5
configure:4833: $? = 0
configure:4836: test -z 			 || test ! -s conftest.err
configure:4839: $? = 0
configure:4842: test -s conftest.o
configure:4845: $? = 0
configure:4855: result: yes
configure:4859: checking sys/param.h presence
configure:4869: gcc -E  conftest.c
configure:4875: $? = 0
configure:4895: result: yes
configure:4930: checking for sys/param.h
configure:4937: result: yes
configure:4965: checking for getcwd
configure:5022: gcc -o conftest -g -O2 -Wall   conftest.c  >&5
configure:5028: $? = 0
configure:5031: test -z 			 || test ! -s conftest.err
configure:5034: $? = 0
configure:5037: test -s conftest
configure:5040: $? = 0
configure:5052: result: yes
configure:4965: checking for munmap
configure:5022: gcc -o conftest -g -O2 -Wall   conftest.c  >&5
configure:5028: $? = 0
configure:5031: test -z 			 || test ! -s conftest.err
configure:5034: $? = 0
configure:5037: test -s conftest
configure:5040: $? = 0
configure:5052: result: yes
configure:4965: checking for putenv
configure:5022: gcc -o conftest -g -O2 -Wall   conftest.c  >&5
configure:5028: $? = 0
configure:5031: test -z 			 || test ! -s conftest.err
configure:5034: $? = 0
configure:5037: test -s conftest
configure:5040: $? = 0
configure:5052: result: yes
configure:4965: checking for setenv
configure:5022: gcc -o conftest -g -O2 -Wall   conftest.c  >&5
configure:5028: $? = 0
configure:5031: test -z 			 || test ! -s conftest.err
configure:5034: $? = 0
configure:5037: test -s conftest
configure:5040: $? = 0
configure:5052: result: yes
configure:4965: checking for setlocale
configure:5022: gcc -o conftest -g -O2 -Wall   conftest.c  >&5
configure:5028: $? = 0
configure:5031: test -z 			 || test ! -s conftest.err
configure:5034: $? = 0
configure:5037: test -s conftest
configure:5040: $? = 0
configure:5052: result: yes
configure:4965: checking for strchr
configure:5022: gcc -o conftest -g -O2 -Wall   conftest.c  >&5
conftest.c:64:6: warning: conflicting types for built-in function 'strchr'; expected 'char *(const char *, int)' [-Wbuiltin-declaration-mismatch]
   64 | char strchr ();
      |      ^~~~~~
conftest.c:51:1: note: 'strchr' is declared in header '<string.h>'
   50 | # include <limits.h>
   51 | #else
configure:5028: $? = 0
configure:5031: test -z 			 || test ! -s conftest.err
configure:5034: $? = 0
configure:5037: test -s conftest
configure:5040: $? = 0
configure:5052: result: yes
configure:4965: checking for strcasecmp
configure:5022: gcc -o conftest -g -O2 -Wall   conftest.c  >&5
conftest.c:65:6: warning: conflicting types for built-in function 'strcasecmp'; expected 'int(const char *, const char *)' [-Wbuiltin-declaration-mismatch]
   65 | char strcasecmp ();
      |      ^~~~~~~~~~
configure:5028: $? = 0
configure:5031: test -z 			 || test ! -s conftest.err
configure:5034: $? = 0
configure:5037: test -s conftest
configure:5040: $? = 0
configure:5052: result: yes
configure:4965: checking for strdup
configure:5022: gcc -o conftest -g -O2 -Wall   conftest.c  >&5
conftest.c:66:6: warning: conflicting types for built-in function 'strdup'; expected 'char *(const char *)' [-Wbuiltin-declaration-mismatch]
   66 | char strdup ();
      |      ^~~~~~
configure:5028: $? = 0
configure:5031: test -z 			 || test ! -s conftest.err
configure:5034: $? = 0
configure:5037: test -s conftest
configure:5040: $? = 0
configure:5052: result: yes
configure:4965: checking for __argz_count
configure:5022: gcc -o conftest -g -O2 -Wall   conftest.c  >&5
configure:5028: $? = 0
configure:5031: test -z 			 || test ! -s conftest.err
configure:5034: $? = 0
configure:5037: test -s conftest
configure:5040: $? = 0
configure:5052: result: yes
configure:4965: checking for __argz_stringify
configure:5022: gcc -o conftest -g -O2 -Wall   conftest.c  >&5
configure:5028: $? = 0
configure:5031: test -z 			 || test ! -s conftest.err
configure:5034: $? = 0
configure:5037: test -s conftest
configure:5040: $? = 0
configure:5052: result: yes
configure:4965: checking for __argz_next
configure:5022: gcc -o conftest -g -O2 -Wall   conftest.c  >&5
configure:5028: $? = 0
configure:5031: test -z 			 || test ! -s conftest.err
configure:5034: $? = 0
configure:5037: test -s conftest
configure:5040: $? = 0
configure:5052: result: yes
configure:5068: checking for stpcpy
configure:5125: gcc -o conftest -g -O2 -Wall   conftest.c  >&5
conftest.c:70:6: warning: conflicting types for built-in function 'stpcpy'; expected 'char *(char *, const char *)' [-Wbuiltin-declaration-mismatch]
   70 | char stpcpy ();
      |      ^~~~~~
configure:5131: $? = 0
configure:5134: test -z 			 || test ! -s conftest.err
configure:5137: $? = 0
configure:5140: test -s conftest
configure:5143: $? = 0
configure:5155: result: yes
configure:5174: checking for LC_MESSAGES
configure:5195: gcc -o conftest -g -O2 -Wall   conftest.c  >&5
configure:5201: $? = 0
configure:5204: test -z 			 || test ! -s conftest.err
configure:5207: $? = 0
configure:5210: test -s conftest
configure:5213: $? = 0
configure:5225: result: yes
configure:5235: checking whether NLS is requested
configure:5244: result: yes
configure:5277: checking libintl.h usability
configure:5289: gcc -c -g -O2 -Wall  conftest.c >&5
configure:5295: $? = 0
configure:5298: test -z 			 || test ! -s conftest.err
configure:5301: $? = 0
configure:5304: test -s conftest.o
configure:5307: $? = 0
configure:5317: result: yes
configure:5321: checking libintl.h presence
configure:5331: gcc -E  conftest.c
configure:5337: $? = 0
configure:5357: result: yes
configure:5392: checking for libintl.h
configure:5399: result: yes
configure:5404: checking for gettext in libc
configure:5425: gcc -o conftest -g -O2 -Wall   conftest.c  >&5
conftest.c: In function 'main':
conftest.c:53:8: warning: cast from pointer to integer of different size [-Wpointer-to-int-cast]
   53 | return (int) gettext ("")
      |        ^
configure:5431: $? = 0
configure:5434: test -z 			 || test ! -s conftest.err
configure:5437: $? = 0
configure:5440: test -s conftest
configure:5443: $? = 0
configure:5455: result: yes
configure:5641: checking for msgfmt
configure:5671: result: /usr/bin/msgfmt
configure:5682: checking for dcgettext
configure:5739: gcc -o conftest -g -O2 -Wall   conftest.c  >&5
conftest.c:74:6: warning: conflicting types for built-in function 'dcgettext'; expected 'char *(const char *, const char *, int)' [-Wbuiltin-declaration-mismatch]
   74 | char dcgettext ();
      |      ^~~~~~~~~
configure:5745: $? = 0
configure:5748: test -z 			 || test ! -s conftest.err
configure:5751: $? = 0
configure:5754: test -s conftest
configure:5757: $? = 0
configure:5769: result: yes
configure:5781: checking for gmsgfmt
configure:5812: result: /usr/bin/msgfmt
configure:5850: checking for xgettext
configure:5880: result: /usr/bin/xgettext
configure:5904: gcc -o conftest -g -O2 -Wall   conftest.c  >&5
configure:5910: $? = 0
configure:5913: test -z 			 || test ! -s conftest.err
configure:5916: $? = 0
configure:5919: test -s conftest
configure:5922: $? = 0
configure:6282: checking for catalogs to be installed
configure:6294: result:  es it fr cs
configure:6570: checking for a sed that does not truncate output
configure:6624: result: /usr/bin/sed
configure:6638: checking for ld used by gcc
configure:6705: result: /usr/bin/ld
configure:6714: checking if the linker (/usr/bin/ld) is GNU ld
configure:6729: result: yes
configure:6734: checking for /usr/bin/ld option to reload object files
configure:6741: result: -r
configure:6750: checking for BSD-compatible nm
configure:6792: result: /usr/bin/nm -B
configure:6796: checking whether ln -s works
configure:6800: result: yes
configure:6807: checking how to recognise dependent libraries
configure:6981: result: pass_all
configure:7065: gcc -c -g -O2 -Wall  conftest.c >&5
configure:7068: $? = 0
configure:7202: checking dlfcn.h usability
configure:7214: gcc -c -g -O2 -Wall  conftest.c >&5
configure:7220: $? = 0
configure:7223: test -z 			 || test ! -s conftest.err
configure:7226: $? = 0
configure:7229: test -s conftest.o
configure:7232: $? = 0
configure:7242: result: yes
configure:7246: checking dlfcn.h presence
configure:7256: gcc -E  conftest.c
configure:7262: $? = 0
configure:7282: result: yes
configure:7317: checking for dlfcn.h
configure:7324: result: yes
configure:7389: checking for g++
configure:7405: found /usr/bin/g++
configure:7415: result: g++
configure:7431: checking for C++ compiler version
configure:7434: g++ --version </dev/null >&5
g++ (GCC) 15.2.1 20260209
Copyright (C) 2025 Free Software Foundation, Inc.
This is free software; see the source for copying conditions.  There is NO
warranty; not even for MERCHANTABILITY or FITNESS FOR A PARTICULAR PURPOSE.

configure:7437: $? = 0
configure:7439: g++ -v </dev/null >&5
Using built-in specs.
COLLECT_GCC=g++
COLLECT_LTO_WRAPPER=/usr/lib/gcc/x86_64-pc-linux-gnu/15.2.1/lto-wrapper
Target: x86_64-pc-linux-gnu
Configured with: /build/gcc/src/gcc/configure --enable-languages=ada,c,c++,d,fortran,go,lto,m2,objc,obj-c++,rust,cobol --enable-bootstrap --prefix=/usr --libdir=/usr/lib --libexecdir=/usr/lib --mandir=/usr/share/man --infodir=/usr/share/info --with-bugurl=https://gitlab.archlinux.org/archlinux/packaging/packages/gcc/-/issues --with-build-config=bootstrap-lto --with-linker-hash-style=gnu --with-system-zlib --enable-__cxa_atexit --enable-cet=auto --enable-checking=release --enable-clocale=gnu --enable-default-pie --enable-default-ssp --enable-gnu-indirect-function --enable-gnu-unique-object --enable-libstdcxx-backtrace --enable-link-serialization=1 --enable-linker-build-id --enable-lto --enable-multilib --enable-plugin --enable-shared --enable-threads=posix --disable-libssp --disable-libstdcxx-pch --disable-werror
Thread model: posix
Supported LTO compression algorithms: zlib zstd
gcc version 15.2.1 20260209 (GCC) 
configure:7442: $? = 0
configure:7444: g++ -V </dev/null >&5
g++: error: unrecognized command-line option '-V'
g++: fatal error: no input files
compilation terminated.
configure:7447: $? = 1
configure:7450: checking whether we are using the GNU C++ compiler
configure:7474: g++ -c   conftest.cc >&5
configure:7480: $? = 0
configure:7483: test -z 			 || test ! -s conftest.err
configure:7486: $? = 0
configure:7489: test -s conftest.o
configure:7492: $? = 0
configure:7505: result: yes
configure:7511: checking whether g++ accepts -g
configure:7532: g++ -c -g  conftest.cc >&5
configure:7538: $? = 0
configure:7541: test -z 			 || test ! -s conftest.err
configure:7544: $? = 0
configure:7547: test -s conftest.o
configure:7550: $? = 0
configure:7561: result: yes
configure:7603: g++ -c -g -O2  conftest.cc >&5
configure:7609: $? = 0
configure:7612: test -z 			 || test ! -s conftest.err
configure:7615: $? = 0
configure:7618: test -s conftest.o
configure:7621: $? = 0
configure:7647: g++ -c -g -O2  conftest.cc >&5
conftest.cc: In function 'int main()':
conftest.cc:57:1: error: 'exit' was not declared in this scope
   57 | exit (42);
      | ^~~~
conftest.cc:1:1: note: 'exit' is defined in header '<cstdlib>'; this is probably fixable by adding '#include <cstdlib>'
    1 | /* confdefs.h.  */
configure:7653: $? = 1
configure: failed program was:
| /* confdefs.h.  */
| 
| #define PACKAGE_NAME ""
| #define PACKAGE_TARNAME ""
| #define PACKAGE_VERSION ""
| #define PACKAGE_STRING ""
| #define PACKAGE_BUGREPORT ""
| #define PACKAGE "VisualOS"
| #define VERSION "1.0.5"
| #define _REENTRANT 1
| #define HAVE_SYS_TYPES_H 1
| #define HAVE_SYS_STAT_H 1
| #define HAVE_STDLIB_H 1
| #define HAVE_STRING_H 1
| #define HAVE_MEMORY_H 1
| #define HAVE_STRINGS_H 1
| #define HAVE_INTTYPES_H 1
| #define HAVE_STDINT_H 1
| #define HAVE_UNISTD_H 1
| #define HAVE_ALLOCA_H 1
| #define HAVE_ALLOCA 1
| #define HAVE_STDLIB_H 1
| #define HAVE_UNISTD_H 1
| #define HAVE_GETPAGESIZE 1
| #define HAVE_MMAP 1
| #define HAVE_ARGZ_H 1
| #define HAVE_LIMITS_H 1
| #define HAVE_LOCALE_H 1
| #define HAVE_NL_TYPES_H 1
| #define HAVE_MALLOC_H 1
| #define HAVE_STRING_H 1
| #define HAVE_UNISTD_H 1
| #define HAVE_SYS_PARAM_H 1
| #define HAVE_GETCWD 1
| #define HAVE_MUNMAP 1
| #define HAVE_PUTENV 1
| #define HAVE_SETENV 1
| #define HAVE_SETLOCALE 1
| #define HAVE_STRCHR 1
| #define HAVE_STRCASECMP 1
| #define HAVE_STRDUP 1
| #define HAVE___ARGZ_COUNT 1
| #define HAVE___ARGZ_STRINGIFY 1
| #define HAVE___ARGZ_NEXT 1
| #define HAVE_STPCPY 1
| #define HAVE_STPCPY 1
| #define HAVE_LC_MESSAGES 1
| #define HAVE_GETTEXT 1
| #define HAVE_DCGETTEXT 1
| #define ENABLE_NLS 1
| #define HAVE_DLFCN_H 1
| /* end confdefs.h.  */
| 
| int
| main ()
| {
| exit (42);
|   ;
|   return 0;
| }
configure:7603: g++ -c -g -O2  conftest.cc >&5
conftest.cc:53:17: warning: 'void std::exit(int)' has not been declared within 'std'
   53 | extern "C" void std::exit (int) throw (); using std::exit;
      |                 ^~~
<built-in>: note: only here as a 'friend'
configure:7609: $? = 0
configure:7612: test -z 			 || test ! -s conftest.err
configure:7615: $? = 0
configure:7618: test -s conftest.o
configure:7621: $? = 0
configure:7647: g++ -c -g -O2  conftest.cc >&5
conftest.cc:53:17: warning: 'void std::exit(int)' has not been declared within 'std'
   53 | extern "C" void std::exit (int) throw (); using std::exit;
      |                 ^~~
<built-in>: note: only here as a 'friend'
configure:7653: $? = 0
configure:7656: test -z 			 || test ! -s conftest.err
configure:7659: $? = 0
configure:7662: test -s conftest.o
configure:7665: $? = 0
configure:7693: checking how to run the C++ preprocessor
configure:7724: g++ -E  conftest.cc
configure:7730: $? = 0
configure:7762: g++ -E  conftest.cc
conftest.cc:56:10: fatal error: ac_nonexistent.h: No such file or directory
   56 | #include <ac_nonexistent.h>
      |          ^~~~~~~~~~~~~~~~~~
compilation terminated.
configure:7768: $? = 1
configure: failed program was:
| /* confdefs.h.  */
| 
| #define PACKAGE_NAME ""
| #define PACKAGE_TARNAME ""
| #define PACKAGE_VERSION ""
| #define PACKAGE_STRING ""
| #define PACKAGE_BUGREPORT ""
| #define PACKAGE "VisualOS"
| #define VERSION "1.0.5"
| #define _REENTRANT 1
| #define HAVE_SYS_TYPES_H 1
| #define HAVE_SYS_STAT_H 1
| #define HAVE_STDLIB_H 1
| #define HAVE_STRING_H 1
| #define HAVE_MEMORY_H 1
| #define HAVE_STRINGS_H 1
| #define HAVE_INTTYPES_H 1
| #define HAVE_STDINT_H 1
| #define HAVE_UNISTD_H 1
| #define HAVE_ALLOCA_H 1
| #define HAVE_ALLOCA 1
| #define HAVE_STDLIB_H 1
| #define HAVE_UNISTD_H 1
| #define HAVE_GETPAGESIZE 1
| #define HAVE_MMAP 1
| #define HAVE_ARGZ_H 1
| #define HAVE_LIMITS_H 1
| #define HAVE_LOCALE_H 1
| #define HAVE_NL_TYPES_H 1
| #define HAVE_MALLOC_H 1
| #define HAVE_STRING_H 1
| #define HAVE_UNISTD_H 1
| #define HAVE_SYS_PARAM_H 1
| #define HAVE_GETCWD 1
| #define HAVE_MUNMAP 1
| #define HAVE_PUTENV 1
| #define HAVE_SETENV 1
| #define HAVE_SETLOCALE 1
| #define HAVE_STRCHR 1
| #define HAVE_STRCASECMP 1
| #define HAVE_STRDUP 1
| #define HAVE___ARGZ_COUNT 1
| #define HAVE___ARGZ_STRINGIFY 1
| #define HAVE___ARGZ_NEXT 1
| #define HAVE_STPCPY 1
| #define HAVE_STPCPY 1
| #define HAVE_LC_MESSAGES 1
| #define HAVE_GETTEXT 1
| #define HAVE_DCGETTEXT 1
| #define ENABLE_NLS 1
| #define HAVE_DLFCN_H 1
| #ifdef __cplusplus
| extern "C" void std::exit (int) throw (); using std::exit;
| #endif
| /* end confdefs.h.  */
| #include <ac_nonexistent.h>
configure:7807: result: g++ -E
configure:7831: g++ -E  conftest.cc
configure:7837: $? = 0
configure:7869: g++ -E  conftest.cc
conftest.cc:56:10: fatal error: ac_nonexistent.h: No such file or directory
   56 | #include <ac_nonexistent.h>
      |          ^~~~~~~~~~~~~~~~~~
compilation terminated.
configure:7875: $? = 1
configure: failed program was:
| /* confdefs.h.  */
| 
| #define PACKAGE_NAME ""
| #define PACKAGE_TARNAME ""
| #define PACKAGE_VERSION ""
| #define PACKAGE_STRING ""
| #define PACKAGE_BUGREPORT ""
| #define PACKAGE "VisualOS"
| #define VERSION "1.0.5"
| #define _REENTRANT 1
| #define HAVE_SYS_TYPES_H 1
| #define HAVE_SYS_STAT_H 1
| #define HAVE_STDLIB_H 1
| #define HAVE_STRING_H 1
| #define HAVE_MEMORY_H 1
| #define HAVE_STRINGS_H 1
| #define HAVE_INTTYPES_H 1
| #define HAVE_STDINT_H 1
| #define HAVE_UNISTD_H 1
| #define HAVE_ALLOCA_H 1
| #define HAVE_ALLOCA 1
| #define HAVE_STDLIB_H 1
| #define HAVE_UNISTD_H 1
| #define HAVE_GETPAGESIZE 1
| #define HAVE_MMAP 1
| #define HAVE_ARGZ_H 1
| #define HAVE_LIMITS_H 1
| #define HAVE_LOCALE_H 1
| #define HAVE_NL_TYPES_H 1
| #define HAVE_MALLOC_H 1
| #define HAVE_STRING_H 1
| #define HAVE_UNISTD_H 1
| #define HAVE_SYS_PARAM_H 1
| #define HAVE_GETCWD 1
| #define HAVE_MUNMAP 1
| #define HAVE_PUTENV 1
| #define HAVE_SETENV 1
| #define HAVE_SETLOCALE 1
| #define HAVE_STRCHR 1
| #define HAVE_STRCASECMP 1
| #define HAVE_STRDUP 1
| #define HAVE___ARGZ_COUNT 1
| #define HAVE___ARGZ_STRINGIFY 1
| #define HAVE___ARGZ_NEXT 1
| #define HAVE_STPCPY 1
| #define HAVE_STPCPY 1
| #define HAVE_LC_MESSAGES 1
| #define HAVE_GETTEXT 1
| #define HAVE_DCGETTEXT 1
| #define ENABLE_NLS 1
| #define HAVE_DLFCN_H 1
| #ifdef __cplusplus
| extern "C" void std::exit (int) throw (); using std::exit;
| #endif
| /* end confdefs.h.  */
| #include <ac_nonexistent.h>
configure:7970: checking for g77
configure:7999: result: no
configure:7970: checking for f77
configure:7999: result: no
configure:7970: checking for xlf
configure:7999: result: no
configure:7970: checking for frt
configure:7999: result: no
configure:7970: checking for pgf77
configure:7999: result: no
configure:7970: checking for fort77
configure:7999: result: no
configure:7970: checking for fl32
configure:7999: result: no
configure:7970: checking for af77
configure:7999: result: no
configure:7970: checking for f90
configure:7999: result: no
configure:7970: checking for xlf90
configure:7999: result: no
configure:7970: checking for pgf90
configure:7999: result: no
configure:7970: checking for epcf90
configure:7999: result: no
configure:7970: checking for f95
configure:7999: result: no
configure:7970: checking for fort
configure:7999: result: no
configure:7970: checking for xlf95
configure:7999: result: no
configure:7970: checking for ifc
configure:7999: result: no
configure:7970: checking for efc
configure:7999: result: no
configure:7970: checking for pgf95
configure:7999: result: no
configure:7970: checking for lf95
configure:7999: result: no
configure:7970: checking for gfortran
configure:7999: result: no
configure:8011: checking for Fortran 77 compiler version
configure:8014:  --version </dev/null >&5
./configure: line 8015: --version: command not found
configure:8017: $? = 127
configure:8019:  -v </dev/null >&5
./configure: line 8020: -v: command not found
configure:8022: $? = 127
configure:8024:  -V </dev/null >&5
./configure: line 8025: -V: command not found
configure:8027: $? = 127
configure:8035: checking whether we are using the GNU Fortran 77 compiler
configure:8049:  -c  conftest.F >&5
./configure: line 8050: -c: command not found
configure:8055: $? = 127
configure: failed program was:
|       program main
| #ifndef __GNUC__
|        choke me
| #endif
| 
|       end
configure:8080: result: no
configure:8086: checking whether  accepts -g
configure:8098:  -c -g conftest.f >&5
./configure: line 8099: -c: command not found
configure:8104: $? = 127
configure: failed program was:
|       program main
| 
|       end
configure:8128: result: no
configure:8158: checking the maximum length of command line arguments
configure:8223: result: 32768
configure:8234: checking command to parse /usr/bin/nm -B output from gcc object
configure:8323: gcc -c -g -O2 -Wall  conftest.c >&5
configure:8326: $? = 0
configure:8330: /usr/bin/nm -B conftest.o \| sed -n -e 's/^.*[ 	]\([ABCDGIRSTW][ABCDGIRSTW]*\)[ 	][ 	]*\(\)\([_A-Za-z][_A-Za-z0-9]*\)$/\1 \2\3 \3/p' \> conftest.nm
configure:8333: $? = 0
configure:8385: gcc -o conftest -g -O2 -Wall   conftest.c conftstm.o >&5
configure:8388: $? = 0
configure:8426: result: ok
configure:8430: checking for objdir
configure:8445: result: .libs
configure:8535: checking for ar
configure:8551: found /usr/bin/ar
configure:8562: result: ar
configure:8615: checking for ranlib
configure:8642: result: ranlib
configure:8695: checking for strip
configure:8711: found /usr/bin/strip
configure:8722: result: strip
configure:8984: checking if gcc static flag  works
configure:9007: result: yes
configure:9025: checking if gcc supports -fno-rtti -fno-exceptions
configure:9043: gcc -c -g -O2 -Wall  -fno-rtti -fno-exceptions conftest.c >&5
cc1: warning: command-line option '-fno-rtti' is valid for C++/D/ObjC++ but not for C
configure:9047: $? = 0
configure:9058: result: no
configure:9073: checking for gcc option to produce PIC
configure:9250: result: -fPIC
configure:9258: checking if gcc PIC flag -fPIC works
configure:9276: gcc -c -g -O2 -Wall  -fPIC -DPIC conftest.c >&5
configure:9280: $? = 0
configure:9291: result: yes
configure:9315: checking if gcc supports -c -o file.o
configure:9336: gcc -c -g -O2 -Wall  -o out/conftest2.o conftest.c >&5
configure:9340: $? = 0
configure:9360: result: yes
configure:9386: checking whether the gcc linker (/usr/bin/ld -m elf_x86_64) supports shared libraries
configure:10233: result: yes
configure:10259: checking whether -lc should be explicitly linked in
configure:10264: gcc -c -g -O2 -Wall  conftest.c >&5
configure:10267: $? = 0
configure:10281: gcc -shared conftest.o  -v -Wl,-soname -Wl,conftest -o conftest 2\>\&1 \| grep  -lc  \>/dev/null 2\>\&1
configure:10284: $? = 0
configure:10296: result: no
configure:10304: checking dynamic linker characteristics
configure:10844: result: GNU/Linux ld.so
configure:10848: checking how to hardcode library paths into programs
configure:10873: result: immediate
configure:10887: checking whether stripping libraries is possible
configure:10892: result: yes
configure:11715: checking if libtool supports shared libraries
configure:11717: result: yes
configure:11720: checking whether to build shared libraries
configure:11778: result: yes
configure:11781: checking whether to build static libraries
configure:11785: result: no
configure:11877: creating libtool
configure:12424: checking for ld used by g++
configure:12491: result: /usr/bin/ld -m elf_x86_64
configure:12500: checking if the linker (/usr/bin/ld -m elf_x86_64) is GNU ld
configure:12515: result: yes
configure:12566: checking whether the g++ linker (/usr/bin/ld -m elf_x86_64) supports shared libraries
configure:13392: result: yes
configure:13410: g++ -c -g -O2  conftest.cc >&5
configure:13413: $? = 0
configure:13509: checking for g++ option to produce PIC
configure:13761: result: -fPIC
configure:13769: checking if g++ PIC flag -fPIC works
configure:13787: g++ -c -g -O2  -fPIC -DPIC conftest.cc >&5
configure:13791: $? = 0
configure:13802: result: yes
configure:13826: checking if g++ supports -c -o file.o
configure:13847: g++ -c -g -O2  -o out/conftest2.o conftest.cc >&5
configure:13851: $? = 0
configure:13871: result: yes
configure:13897: checking whether the g++ linker (/usr/bin/ld -m elf_x86_64) supports shared libraries
configure:13925: result: yes
configure:13996: checking dynamic linker characteristics
configure:14536: result: GNU/Linux ld.so
configure:14540: checking how to hardcode library paths into programs
configure:14565: result: immediate
configure:14579: checking whether stripping libraries is possible
configure:14584: result: yes
configure:21858: checking for gnome-config
configure:21889: result: no
configure:22091: checking for gnomeConf.sh file in /usr/local/lib
configure:22101: result: not found
configure:22104: error: Could not find the gnomeConf.sh file that is generated by gnome-libs install

## ---------------- ##
## Cache variables. ##
## ---------------- ##

ac_cv_build=x86_64-unknown-linux-gnu
ac_cv_build_alias=x86_64-unknown-linux-gnu
ac_cv_c_compiler_gnu=yes
ac_cv_c_const=yes
ac_cv_c_inline=inline
ac_cv_cxx_compiler_gnu=yes
ac_cv_env_CC_set=
ac_cv_env_CC_value=
ac_cv_env_CFLAGS_set=
ac_cv_env_CFLAGS_value=
ac_cv_env_CPPFLAGS_set=
ac_cv_env_CPPFLAGS_value=
ac_cv_env_CPP_set=
ac_cv_env_CPP_value=
ac_cv_env_CXXCPP_set=
ac_cv_env_CXXCPP_value=
ac_cv_env_CXXFLAGS_set=
ac_cv_env_CXXFLAGS_value=
ac_cv_env_CXX_set=
ac_cv_env_CXX_value=
ac_cv_env_F77_set=
ac_cv_env_F77_value=
ac_cv_env_FFLAGS_set=
ac_cv_env_FFLAGS_value=
ac_cv_env_LDFLAGS_set=
ac_cv_env_LDFLAGS_value=
ac_cv_env_build_alias_set=
ac_cv_env_build_alias_value=
ac_cv_env_host_alias_set=
ac_cv_env_host_alias_value=
ac_cv_env_target_alias_set=
ac_cv_env_target_alias_value=
ac_cv_exeext=
ac_cv_f77_compiler_gnu=no
ac_cv_func___argz_count=yes
ac_cv_func___argz_next=yes
ac_cv_func___argz_stringify=yes
ac_cv_func_alloca_works=yes
ac_cv_func_dcgettext=yes
ac_cv_func_getcwd=yes
ac_cv_func_getpagesize=yes
ac_cv_func_mmap_fixed_mapped=yes
ac_cv_func_munmap=yes
ac_cv_func_putenv=yes
ac_cv_func_setenv=yes
ac_cv_func_setlocale=yes
ac_cv_func_stpcpy=yes
ac_cv_func_strcasecmp=yes
ac_cv_func_strchr=yes
ac_cv_func_strdup=yes
ac_cv_header_argz_h=yes
ac_cv_header_dlfcn_h=yes
ac_cv_header_inttypes_h=yes
ac_cv_header_libintl_h=yes
ac_cv_header_limits_h=yes
ac_cv_header_locale_h=yes
ac_cv_header_malloc_h=yes
ac_cv_header_memory_h=yes
ac_cv_header_nl_types_h=yes
ac_cv_header_stdc=no
ac_cv_header_stdint_h=yes
ac_cv_header_stdlib_h=yes
ac_cv_header_string_h=yes
ac_cv_header_strings_h=yes
ac_cv_header_sys_param_h=yes
ac_cv_header_sys_stat_h=yes
ac_cv_header_sys_types_h=yes
ac_cv_header_unistd_h=yes
ac_cv_host=x86_64-unknown-linux-gnu
ac_cv_host_alias=x86_64-unknown-linux-gnu
ac_cv_lib_cposix_strerror=no
ac_cv_objext=o
ac_cv_path_GMSGFMT=/usr/bin/msgfmt
ac_cv_path_GNOME_CONFIG=no
ac_cv_path_MSGFMT=/usr/bin/msgfmt
ac_cv_path_XGETTEXT=/usr/bin/xgettext
ac_cv_path_install='/usr/bin/install -c'
ac_cv_prog_CPP='gcc -E'
ac_cv_prog_CXXCPP='g++ -E'
ac_cv_prog_ac_ct_AR=ar
ac_cv_prog_ac_ct_CC=gcc
ac_cv_prog_ac_ct_CXX=g++
ac_cv_prog_ac_ct_RANLIB=ranlib
ac_cv_prog_ac_ct_STRIP=strip
ac_cv_prog_cc_g=yes
ac_cv_prog_cc_stdc=
ac_cv_prog_cxx_g=yes
ac_cv_prog_egrep='grep -E'
ac_cv_prog_f77_g=no
ac_cv_prog_make_make_set=yes
ac_cv_type_off_t=yes
ac_cv_type_size_t=yes
ac_cv_working_alloca_h=yes
am_cv_prog_cc_stdc=
am_cv_val_LC_MESSAGES=yes
gt_cv_func_gettext_libc=yes
lt_cv_deplibs_check_method=pass_all
lt_cv_file_magic_cmd='$MAGIC_CMD'
lt_cv_file_magic_test_file=
lt_cv_ld_reload_flag=-r
lt_cv_objdir=.libs
lt_cv_path_LD=/usr/bin/ld
lt_cv_path_LDCXX='/usr/bin/ld -m elf_x86_64'
lt_cv_path_NM='/usr/bin/nm -B'
lt_cv_path_SED=/usr/bin/sed
lt_cv_prog_compiler_c_o=yes
lt_cv_prog_compiler_c_o_CXX=yes
lt_cv_prog_compiler_rtti_exceptions=no
lt_cv_prog_gnu_ld=yes
lt_cv_prog_gnu_ldcxx=yes
lt_cv_sys_global_symbol_pipe='sed -n -e '\''s/^.*[ 	]\([ABCDGIRSTW][ABCDGIRSTW]*\)[ 	][ 	]*\(\)\([_A-Za-z][_A-Za-z0-9]*\)$/\1 \2\3 \3/p'\'''
lt_cv_sys_global_symbol_to_c_name_address='sed -n -e '\''s/^: \([^ ]*\) $/  {\"\1\", (lt_ptr) 0},/p'\'' -e '\''s/^[BCDEGRST] \([^ ]*\) \([^ ]*\)$/  {"\2", (lt_ptr) \&\2},/p'\'''
lt_cv_sys_global_symbol_to_cdecl='sed -n -e '\''s/^. .* \(.*\)$/extern int \1;/p'\'''
lt_cv_sys_max_cmd_len=32768
lt_lt_cv_prog_compiler_c_o='"yes"'
lt_lt_cv_prog_compiler_c_o_CXX='"yes"'
lt_lt_cv_sys_global_symbol_pipe='"sed -n -e '\''s/^.*[ 	]\\([ABCDGIRSTW][ABCDGIRSTW]*\\)[ 	][ 	]*\\(\\)\\([_A-Za-z][_A-Za-z0-9]*\\)\$/\\1 \\2\\3 \\3/p'\''"'
lt_lt_cv_sys_global_symbol_to_c_name_address='"sed -n -e '\''s/^: \\([^ ]*\\) \$/  {\\\"\\1\\\", (lt_ptr) 0},/p'\'' -e '\''s/^[BCDEGRST] \\([^ ]*\\) \\([^ ]*\\)\$/  {\"\\2\", (lt_ptr) \\&\\2},/p'\''"'
lt_lt_cv_sys_global_symbol_to_cdecl='"sed -n -e '\''s/^. .* \\(.*\\)\$/extern int \\1;/p'\''"'
nls_cv_force_use_gnu_gettext=no
nls_cv_header_intl=
nls_cv_header_libgt=
nls_cv_use_gnu_gettext=no

## ----------------- ##
## Output variables. ##
## ----------------- ##

ACLOCAL='/home/artewat/Documents/Coding/VVSU_PROG/BKV/bkv.labs.os/OS_Lab_13/VisualOS-1.0.5/missing aclocal-1.4 '
ALLOCA=''
AR='ar'
AUTOCONF='autoconf'
AUTOHEADER='autoheader'
AUTOMAKE='/home/artewat/Documents/Coding/VVSU_PROG/BKV/bkv.labs.os/OS_Lab_13/VisualOS-1.0.5/missing automake-1.4'
BUILD_DOC_FALSE=''
BUILD_DOC_TRUE='#'
BUILD_INCLUDED_LIBINTL='no'
CATALOGS=' es.gmo it.gmo fr.gmo cs.gmo'
CATOBJEXT='.gmo'
CC='gcc'
CFLAGS='-g -O2 -Wall'
CPP='gcc -E'
CPPFLAGS=''
CXX='g++'
CXXCPP='g++ -E'
CXXFLAGS='-g -O2'
DATADIRNAME='share'
DEFS=''
ECHO='echo'
ECHO_C=''
ECHO_N='-n'
ECHO_T=''
EGREP='grep -E'
EXEEXT=''
F77=''
FFLAGS=''
GENCAT=''
GMOFILES=' es.gmo it.gmo fr.gmo cs.gmo'
GMSGFMT='/usr/bin/msgfmt'
GNOMEGNORBA_LIBS=''
GNOMEUI_LIBS=''
GNOME_ACLOCAL_DIR=''
GNOME_APPLETS_LIBS=''
GNOME_CAPPLET_LIBS=''
GNOME_CONFIG='no'
GNOME_DOCKLETS_LIBS=''
GNOME_INCLUDEDIR=''
GNOME_LIBDIR=''
GNOME_LIBS=''
GNORBA_CFLAGS=''
GNORBA_LIBS=''
GTKXMHTML_LIBS=''
GTK_CFLAGS=''
GTK_CONFIG=''
GTK_LIBS=''
GT_NO=''
GT_YES='#YES#'
HAVE_GNORBA_FALSE=''
HAVE_GNORBA_TRUE=''
HAVE_ORBIT_FALSE=''
HAVE_ORBIT_TRUE=''
HTML_DIR='${datadir}/VisualOS-docs/html'
INCLUDE_LOCALE_H='#include <locale.h>'
INSTALL_DATA='${INSTALL} -m 644'
INSTALL_PROGRAM='${INSTALL}'
INSTALL_SCRIPT='${INSTALL}'
INSTOBJEXT='.mo'
INTLDEPS=''
INTLLIBS=''
INTLOBJS=''
LDFLAGS=''
LIBGLADE_CFLAGS=''
LIBGLADE_CONFIG=''
LIBGLADE_LIBS=''
LIBOBJS=''
LIBS=''
LIBTOOL='$(SHELL) $(top_builddir)/libtool'
LN_S='ln -s'
LTLIBOBJS=''
MAINT='#'
MAINTAINER_MODE_FALSE=''
MAINTAINER_MODE_TRUE='#'
MAKEINFO='makeinfo'
MKINSTALLDIRS='./mkinstalldirs'
MSGFMT='/usr/bin/msgfmt'
OBJEXT='o'
ORBIT_CFLAGS=''
ORBIT_CONFIG=''
ORBIT_IDL=''
ORBIT_LIBS=''
PACKAGE='VisualOS'
PACKAGE_BUGREPORT=''
PACKAGE_NAME=''
PACKAGE_STRING=''
PACKAGE_TARNAME=''
PACKAGE_VERSION=''
PATH_SEPARATOR=':'
POFILES=' es.po it.po fr.po cs.po'
POSUB='po'
RANLIB='ranlib'
SET_MAKE=''
SHELL='/bin/sh'
STRIP='strip'
USE_INCLUDED_LIBINTL='no'
USE_NLS='yes'
VERSION='1.0.5'
XGETTEXT='/usr/bin/xgettext'
ZVT_LIBS=''
ac_ct_AR='ar'
ac_ct_CC='gcc'
ac_ct_CXX='g++'
ac_ct_F77=''
ac_ct_RANLIB='ranlib'
ac_ct_STRIP='strip'
ac_fig2dev_present=''
bindir='${exec_prefix}/bin'
build='x86_64-unknown-linux-gnu'
build_alias=''
build_cpu='x86_64'
build_os='linux-gnu'
build_vendor='unknown'
cflags_set=''
datadir='${prefix}/share'
exec_prefix='NONE'
host='x86_64-unknown-linux-gnu'
host_alias=''
host_cpu='x86_64'
host_os='linux-gnu'
host_vendor='unknown'
includedir='${prefix}/include'
infodir='${prefix}/info'
l=''
libdir='${exec_prefix}/lib'
libexecdir='${exec_prefix}/libexec'
localstatedir='${prefix}/var'
mandir='${prefix}/man'
oldincludedir='/usr/include'
prefix='NONE'
program_transform_name='s,x,x,'
sbindir='${exec_prefix}/sbin'
sharedstatedir='${prefix}/com'
sysconfdir='${prefix}/etc'
target_alias=''

## ----------- ##
## confdefs.h. ##
## ----------- ##

#define ENABLE_NLS 1
#define HAVE_ALLOCA 1
#define HAVE_ALLOCA_H 1
#define HAVE_ARGZ_H 1
#define HAVE_DCGETTEXT 1
#define HAVE_DLFCN_H 1
#define HAVE_GETCWD 1
#define HAVE_GETPAGESIZE 1
#define HAVE_GETTEXT 1
#define HAVE_INTTYPES_H 1
#define HAVE_LC_MESSAGES 1
#define HAVE_LIMITS_H 1
#define HAVE_LOCALE_H 1
#define HAVE_MALLOC_H 1
#define HAVE_MEMORY_H 1
#define HAVE_MMAP 1
#define HAVE_MUNMAP 1
#define HAVE_NL_TYPES_H 1
#define HAVE_PUTENV 1
#define HAVE_SETENV 1
#define HAVE_SETLOCALE 1
#define HAVE_STDINT_H 1
#define HAVE_STDLIB_H 1
#define HAVE_STDLIB_H 1
#define HAVE_STPCPY 1
#define HAVE_STPCPY 1
#define HAVE_STRCASECMP 1
#define HAVE_STRCHR 1
#define HAVE_STRDUP 1
#define HAVE_STRINGS_H 1
#define HAVE_STRING_H 1
#define HAVE_STRING_H 1
#define HAVE_SYS_PARAM_H 1
#define HAVE_SYS_STAT_H 1
#define HAVE_SYS_TYPES_H 1
#define HAVE_UNISTD_H 1
#define HAVE_UNISTD_H 1
#define HAVE_UNISTD_H 1
#define HAVE___ARGZ_COUNT 1
#define HAVE___ARGZ_NEXT 1
#define HAVE___ARGZ_STRINGIFY 1
#define PACKAGE "VisualOS"
#define PACKAGE_BUGREPORT ""
#define PACKAGE_NAME ""
#define PACKAGE_STRING ""
#define PACKAGE_TARNAME ""
#define PACKAGE_VERSION ""
#define VERSION "1.0.5"
#define _REENTRANT 1
#endif
#ifdef __cplusplus
extern "C" void std::exit (int) throw (); using std::exit;

configure: exit 1
